Component: ARM Compiler 5.06 update 5 (build 528) Tool: armlink [4d35e2]

==============================================================================

Section Cross References

    startup_stm32f407xx.o(RESET) refers to startup_stm32f407xx.o(STACK) for __initial_sp
    startup_stm32f407xx.o(RESET) refers to startup_stm32f407xx.o(.text) for Reset_Handler
    startup_stm32f407xx.o(RESET) refers to stm32f4xx_it.o(i.NMI_Handler) for NMI_Handler
    startup_stm32f407xx.o(RESET) refers to stm32f4xx_it.o(i.HardFault_Handler) for HardFault_Handler
    startup_stm32f407xx.o(RESET) refers to stm32f4xx_it.o(i.MemManage_Handler) for MemManage_Handler
    startup_stm32f407xx.o(RESET) refers to stm32f4xx_it.o(i.BusFault_Handler) for BusFault_Handler
    startup_stm32f407xx.o(RESET) refers to stm32f4xx_it.o(i.UsageFault_Handler) for UsageFault_Handler
    startup_stm32f407xx.o(RESET) refers to stm32f4xx_it.o(i.SVC_Handler) for SVC_Handler
    startup_stm32f407xx.o(RESET) refers to stm32f4xx_it.o(i.DebugMon_Handler) for DebugMon_Handler
    startup_stm32f407xx.o(RESET) refers to stm32f4xx_it.o(i.PendSV_Handler) for PendSV_Handler
    startup_stm32f407xx.o(RESET) refers to stm32f4xx_it.o(i.SysTick_Handler) for SysTick_Handler
    startup_stm32f407xx.o(RESET) refers to stm32f4xx_it.o(i.USART2_IRQHandler) for USART2_IRQHandler
    startup_stm32f407xx.o(RESET) refers to stm32f4xx_it.o(i.TIM6_DAC_IRQHandler) for TIM6_DAC_IRQHandler
    startup_stm32f407xx.o(RESET) refers to stm32f4xx_it.o(i.OTG_FS_IRQHandler) for OTG_FS_IRQHandler
    startup_stm32f407xx.o(.text) refers to system_stm32f4xx.o(i.SystemInit) for SystemInit
    startup_stm32f407xx.o(.text) refers to entry.o(.ARM.Collect$$$$00000000) for __main
    remotetask.o(i.RemoteDataProcess) refers to stm32f4xx_hal.o(i.HAL_GetTick) for HAL_GetTick
    remotetask.o(i.RemoteDataProcess) refers to remotetask.o(.data) for .data
    remotetask.o(i.RemoteDataProcess) refers to remotetask.o(.bss) for .bss
    pid.o(i.PID_Calc) refers to f2d.o(.text) for __aeabi_f2d
    pid.o(i.PID_Calc) refers to dadd.o(.text) for __aeabi_dadd
    pid.o(i.PID_Calc) refers to dmul.o(.text) for __aeabi_dmul
    pid.o(i.PID_Calc) refers to d2f.o(.text) for __aeabi_d2f
    pid.o(i.PID_Init) refers to pid.o(.bss) for .bss
    pid.o(i.PID_Init) refers to pid.o(i.PID_Calc) for PID_Calc
    control_task.o(i.BodyPos_Control_Task) refers to pid.o(.bss) for pid_body_pos_lf_rb
    control_task.o(i.BodyPos_Control_Task) refers to control_task.o(.bss) for .bss
    control_task.o(i.Main_Control_Task) refers to dflti.o(.text) for __aeabi_i2d
    control_task.o(i.Main_Control_Task) refers to ddiv.o(.text) for __aeabi_ddiv
    control_task.o(i.Main_Control_Task) refers to fabs.o(i.__hardfp_fabs) for __hardfp_fabs
    control_task.o(i.Main_Control_Task) refers to cdrcmple.o(.text) for __aeabi_cdrcmple
    control_task.o(i.Main_Control_Task) refers to dadd.o(.text) for __aeabi_dadd
    control_task.o(i.Main_Control_Task) refers to dmul.o(.text) for __aeabi_dmul
    control_task.o(i.Main_Control_Task) refers to d2f.o(.text) for __aeabi_d2f
    control_task.o(i.Main_Control_Task) refers to stm32f4xx_hal.o(i.HAL_GetTick) for HAL_GetTick
    control_task.o(i.Main_Control_Task) refers to dfltui.o(.text) for __aeabi_ui2d
    control_task.o(i.Main_Control_Task) refers to control_task.o(i.Trot_Leg) for Trot_Leg
    control_task.o(i.Main_Control_Task) refers to remotetask.o(.bss) for RC_CtrlData
    control_task.o(i.Main_Control_Task) refers to leg.o(.data) for LF
    control_task.o(i.Main_Control_Task) refers to usbd_cdc_if.o(.data) for usb_face_x
    control_task.o(i.Main_Control_Task) refers to control_task.o(.data) for .data
    control_task.o(i.Trot_Leg) refers to f2d.o(.text) for __aeabi_f2d
    control_task.o(i.Trot_Leg) refers to cdrcmple.o(.text) for __aeabi_cdrcmple
    control_task.o(i.Trot_Leg) refers to dadd.o(.text) for __aeabi_dsub
    control_task.o(i.Trot_Leg) refers to cdcmple.o(.text) for __aeabi_cdcmple
    control_task.o(i.Trot_Leg) refers to ddiv.o(.text) for __aeabi_ddiv
    control_task.o(i.Trot_Leg) refers to dmul.o(.text) for __aeabi_dmul
    control_task.o(i.Trot_Leg) refers to cos.o(i.__hardfp_cos) for __hardfp_cos
    control_task.o(i.Trot_Leg) refers to sin.o(i.__hardfp_sin) for __hardfp_sin
    control_task.o(i.Trot_Leg) refers to leg.o(i.Set_Feet_Pos) for Set_Feet_Pos
    control_task.o(i.Trot_Leg) refers to control_task.o(.data) for .data
    leg.o(i.Leg_Init) refers to leg.o(i.Set_ZeroPos) for Set_ZeroPos
    leg.o(i.Leg_Init) refers to stm32f4xx_hal_tim.o(i.HAL_TIM_PWM_Start) for HAL_TIM_PWM_Start
    leg.o(i.Leg_Init) refers to leg.o(.data) for .data
    leg.o(i.Leg_Init) refers to tim.o(.bss) for htim4
    leg.o(i.Set_Feet_Pos) refers to dmul.o(.text) for __aeabi_dmul
    leg.o(i.Set_Feet_Pos) refers to dadd.o(.text) for __aeabi_dadd
    leg.o(i.Set_Feet_Pos) refers to sqrt.o(i.__hardfp_sqrt) for __hardfp_sqrt
[...]
    USBD_StdItfReq                           0x0800803d   Thumb Code    68  usbd_ctlreq.o(i.USBD_StdItfReq)
    USB_ActivateEndpoint                     0x08008081   Thumb Code   126  stm32f4xx_ll_usb.o(i.USB_ActivateEndpoint)
    USB_ActivateSetup                        0x08008105   Thumb Code    52  stm32f4xx_ll_usb.o(i.USB_ActivateSetup)
    USB_CoreInit                             0x08008139   Thumb Code   110  stm32f4xx_ll_usb.o(i.USB_CoreInit)
    USB_DeactivateEndpoint                   0x080081e5   Thumb Code   198  stm32f4xx_ll_usb.o(i.USB_DeactivateEndpoint)
    USB_DevConnect                           0x080082b1   Thumb Code    24  stm32f4xx_ll_usb.o(i.USB_DevConnect)
    USB_DevDisconnect                        0x080082c9   Thumb Code    24  stm32f4xx_ll_usb.o(i.USB_DevDisconnect)
    USB_DevInit                              0x080082e1   Thumb Code   308  stm32f4xx_ll_usb.o(i.USB_DevInit)
    USB_DisableGlobalInt                     0x08008425   Thumb Code    12  stm32f4xx_ll_usb.o(i.USB_DisableGlobalInt)
    USB_EP0StartXfer                         0x08008431   Thumb Code   322  stm32f4xx_ll_usb.o(i.USB_EP0StartXfer)
    USB_EP0_OutStart                         0x08008579   Thumb Code    56  stm32f4xx_ll_usb.o(i.USB_EP0_OutStart)
    USB_EPClearStall                         0x080085b1   Thumb Code   100  stm32f4xx_ll_usb.o(i.USB_EPClearStall)
    USB_EPSetStall                           0x08008615   Thumb Code    94  stm32f4xx_ll_usb.o(i.USB_EPSetStall)
    USB_EPStartXfer                          0x08008675   Thumb Code   566  stm32f4xx_ll_usb.o(i.USB_EPStartXfer)
    USB_EnableGlobalInt                      0x080088b1   Thumb Code    12  stm32f4xx_ll_usb.o(i.USB_EnableGlobalInt)
    USB_FlushRxFifo                          0x080088bd   Thumb Code    28  stm32f4xx_ll_usb.o(i.USB_FlushRxFifo)
    USB_FlushTxFifo                          0x080088dd   Thumb Code    32  stm32f4xx_ll_usb.o(i.USB_FlushTxFifo)
    USB_GetDevSpeed                          0x08008901   Thumb Code    60  stm32f4xx_ll_usb.o(i.USB_GetDevSpeed)
    USB_GetMode                              0x0800893d   Thumb Code     8  stm32f4xx_ll_usb.o(i.USB_GetMode)
    USB_ReadDevAllInEpInterrupt              0x08008945   Thumb Code    14  stm32f4xx_ll_usb.o(i.USB_ReadDevAllInEpInterrupt)
    USB_ReadDevAllOutEpInterrupt             0x08008953   Thumb Code    14  stm32f4xx_ll_usb.o(i.USB_ReadDevAllOutEpInterrupt)
    USB_ReadDevInEPInterrupt                 0x08008961   Thumb Code    30  stm32f4xx_ll_usb.o(i.USB_ReadDevInEPInterrupt)
    USB_ReadDevOutEPInterrupt                0x0800897f   Thumb Code    16  stm32f4xx_ll_usb.o(i.USB_ReadDevOutEPInterrupt)
    USB_ReadInterrupts                       0x0800898f   Thumb Code     8  stm32f4xx_ll_usb.o(i.USB_ReadInterrupts)
    USB_ReadPacket                           0x08008997   Thumb Code    32  stm32f4xx_ll_usb.o(i.USB_ReadPacket)
    USB_SetCurrentMode                       0x080089b7   Thumb Code    46  stm32f4xx_ll_usb.o(i.USB_SetCurrentMode)
    USB_SetDevAddress                        0x080089e5   Thumb Code    30  stm32f4xx_ll_usb.o(i.USB_SetDevAddress)
    USB_SetDevSpeed                          0x08008a03   Thumb Code    14  stm32f4xx_ll_usb.o(i.USB_SetDevSpeed)
    USB_Transmit                             0x08008a11   Thumb Code     4  usb_device.o(i.USB_Transmit)
    USB_WritePacket                          0x08008a15   Thumb Code    40  stm32f4xx_ll_usb.o(i.USB_WritePacket)
    UsageFault_Handler                       0x08008a3d   Thumb Code     2  stm32f4xx_it.o(i.UsageFault_Handler)
    _Error_Handler                           0x08008a3f   Thumb Code     2  main.o(i._Error_Handler)
    _MLPrintLog                              0x08008a41   Thumb Code   156  log_stm32.o(i._MLPrintLog)
    __0vsprintf                              0x08008add   Thumb Code    30  printfa.o(i.__0vsprintf)
    __1vsprintf                              0x08008add   Thumb Code     0  printfa.o(i.__0vsprintf)
    __2vsprintf                              0x08008add   Thumb Code     0  printfa.o(i.__0vsprintf)
    __c89vsprintf                            0x08008add   Thumb Code     0  printfa.o(i.__0vsprintf)
    vsprintf                                 0x08008add   Thumb Code     0  printfa.o(i.__0vsprintf)
    __ARM_fpclassify                         0x08008b01   Thumb Code    48  fpclassify.o(i.__ARM_fpclassify)
    __ARM_fpclassifyf                        0x08008b31   Thumb Code    38  fpclassifyf.o(i.__ARM_fpclassifyf)
    __hardfp_acos                            0x08008b59   Thumb Code   738  acos.o(i.__hardfp_acos)
    __hardfp_acosf                           0x08008eb1   Thumb Code   234  acosf.o(i.__hardfp_acosf)
    __hardfp_atan                            0x08008fc9   Thumb Code   622  atan.o(i.__hardfp_atan)
    __hardfp_atan2f                          0x080092a1   Thumb Code   502  atan2f.o(i.__hardfp_atan2f)
    __hardfp_cos                             0x080094f1   Thumb Code   180  cos.o(i.__hardfp_cos)
    __hardfp_cosf                            0x080095b9   Thumb Code   280  cosf.o(i.__hardfp_cosf)
    __hardfp_fabs                            0x08009709   Thumb Code    20  fabs.o(i.__hardfp_fabs)
    __hardfp_sin                             0x08009721   Thumb Code   180  sin.o(i.__hardfp_sin)
    __hardfp_sinf                            0x080097e9   Thumb Code   344  sinf.o(i.__hardfp_sinf)
    __hardfp_sqrt                            0x08009979   Thumb Code   122  sqrt.o(i.__hardfp_sqrt)
    __hardfp_sqrtf                           0x080099f3   Thumb Code    58  sqrtf.o(i.__hardfp_sqrtf)
    __ieee754_rem_pio2                       0x08009a31   Thumb Code   938  rred.o(i.__ieee754_rem_pio2)
    __kernel_cos                             0x08009e69   Thumb Code   322  cos_i.o(i.__kernel_cos)
    __kernel_poly                            0x08009fd9   Thumb Code   248  poly.o(i.__kernel_poly)
    __kernel_sin                             0x0800a0d1   Thumb Code   280  sin_i.o(i.__kernel_sin)
    __mathlib_dbl_infnan                     0x0800a201   Thumb Code    20  dunder.o(i.__mathlib_dbl_infnan)
    __mathlib_dbl_invalid                    0x0800a219   Thumb Code    24  dunder.o(i.__mathlib_dbl_invalid)
    __mathlib_dbl_underflow                  0x0800a239   Thumb Code    24  dunder.o(i.__mathlib_dbl_underflow)
    __mathlib_flt_infnan                     0x0800a259   Thumb Code     6  funder.o(i.__mathlib_flt_infnan)
    __mathlib_flt_infnan2                    0x0800a25f   Thumb Code     6  funder.o(i.__mathlib_flt_infnan2)
    __mathlib_flt_invalid                    0x0800a265   Thumb Code    10  funder.o(i.__mathlib_flt_invalid)
    __mathlib_flt_underflow                  0x0800a275   Thumb Code    10  funder.o(i.__mathlib_flt_underflow)
    __mathlib_rredf2                         0x0800a285   Thumb Code   316  rredf.o(i.__mathlib_rredf2)
    __scatterload_copy                       0x0800a409   Thumb Code    14  handlers.o(i.__scatterload_copy)
    __scatterload_null                       0x0800a417   Thumb Code     2  handlers.o(i.__scatterload_null)
    __scatterload_zeroinit                   0x0800a419   Thumb Code    14  handlers.o(i.__scatterload_zeroinit)
    __set_errno                              0x0800a429   Thumb Code     6  errno.o(i.__set_errno)
    acosf                                    0x0800acf1   Thumb Code    16  acosf.o(i.acosf)
    cosf                                     0x0800ad01   Thumb Code    16  cosf.o(i.cosf)
    fabs                                     0x0800ad11   Thumb Code    24  fabs.o(i.fabs)
    free                                     0x0800ad29   Thumb Code    76  malloc.o(i.free)
    get_tick_count                           0x0800ad79   Thumb Code    12  main.o(i.get_tick_count)
    inv_apply_calibration                    0x0800ad85   Thumb Code   106  data_builder.o(i.inv_apply_calibration)
    inv_build_accel                          0x0800adf1   Thumb Code    96  data_builder.o(i.inv_build_accel)
    inv_build_gyro                           0x0800ae59   Thumb Code    42  data_builder.o(i.inv_build_gyro)
    inv_build_temp                           0x0800ae89   Thumb Code    22  data_builder.o(i.inv_build_temp)
    inv_compass_angle                        0x0800aea5   Thumb Code   162  ml_math_func.o(i.inv_compass_angle)
    inv_convert_to_body_with_scale           0x0800af51   Thumb Code    92  ml_math_func.o(i.inv_convert_to_body_with_scale)
    inv_disable_compass_soft_iron_matrix     0x0800aff5   Thumb Code    10  data_builder.o(i.inv_disable_compass_soft_iron_matrix)
    inv_enable_eMPL_outputs                  0x0800b005   Thumb Code    22  empl_outputs.o(i.inv_enable_eMPL_outputs)
    inv_enable_results_holder                0x0800b021   Thumb Code    22  results_holder.o(i.inv_enable_results_holder)
    inv_execute_mpl_start_notification       0x0800b03d   Thumb Code    36  start_manager.o(i.inv_execute_mpl_start_notification)
    inv_execute_on_data                      0x0800b065   Thumb Code   118  data_builder.o(i.inv_execute_on_data)
    inv_generate_results                     0x0800b191   Thumb Code    10  results_holder.o(i.inv_generate_results)
    inv_get_6axis_quaternion                 0x0800b1a1   Thumb Code    22  results_holder.o(i.inv_get_6axis_quaternion)
    inv_get_acc_state                        0x0800b1bd   Thumb Code     6  results_holder.o(i.inv_get_acc_state)
    inv_get_accel_accuracy                   0x0800b1c9   Thumb Code     6  data_builder.o(i.inv_get_accel_accuracy)
    inv_get_accel_on                         0x0800b1d5   Thumb Code    12  data_builder.o(i.inv_get_accel_on)
    inv_get_accel_set                        0x0800b1e5   Thumb Code    42  data_builder.o(i.inv_get_accel_set)
    inv_get_compass_correction               0x0800b215   Thumb Code    18  results_holder.o(i.inv_get_compass_correction)
    inv_get_compass_on                       0x0800b22d   Thumb Code    12  data_builder.o(i.inv_get_compass_on)
    inv_get_gravity                          0x0800b23d   Thumb Code    80  results_holder.o(i.inv_get_gravity)
    inv_get_gyro                             0x0800b291   Thumb Code    16  data_builder.o(i.inv_get_gyro)
    inv_get_gyro_accuracy                    0x0800b2a5   Thumb Code     6  data_builder.o(i.inv_get_gyro_accuracy)
    inv_get_gyro_bias                        0x0800b2b1   Thumb Code    34  data_builder.o(i.inv_get_gyro_bias)
    inv_get_gyro_bias_tc_set                 0x0800b2dd   Thumb Code    24  data_builder.o(i.inv_get_gyro_bias_tc_set)
    inv_get_gyro_on                          0x0800b2f9   Thumb Code    10  data_builder.o(i.inv_get_gyro_on)
    inv_get_gyro_sum_of_sqr                  0x0800b309   Thumb Code    24  ml_math_func.o(i.inv_get_gyro_sum_of_sqr)
    inv_get_last_timestamp                   0x0800b321   Thumb Code    66  data_builder.o(i.inv_get_last_timestamp)
    inv_get_linear_accel                     0x0800b369   Thumb Code    62  results_holder.o(i.inv_get_linear_accel)
    inv_get_local_field                      0x0800b3a9   Thumb Code    16  results_holder.o(i.inv_get_local_field)
    inv_get_mag_accuracy                     0x0800b3bd   Thumb Code    22  data_builder.o(i.inv_get_mag_accuracy)
    inv_get_motion_state                     0x0800b3dd   Thumb Code    12  results_holder.o(i.inv_get_motion_state)
    inv_get_quaternion                       0x0800b3ed   Thumb Code    44  results_holder.o(i.inv_get_quaternion)
    inv_get_quaternion_set                   0x0800b41d   Thumb Code    64  results_holder.o(i.inv_get_quaternion_set)
    inv_get_sensor_type_euler                0x0800b45d   Thumb Code   438  empl_outputs.o(i.inv_get_sensor_type_euler)
    inv_got_compass_bias                     0x0800b639   Thumb Code     6  results_holder.o(i.inv_got_compass_bias)
    inv_init_data_builder                    0x0800b645   Thumb Code    44  data_builder.o(i.inv_init_data_builder)
    inv_init_mpl                             0x0800b695   Thumb Code    94  mpl.o(i.inv_init_mpl)
    inv_init_results_holder                  0x0800b715   Thumb Code    40  results_holder.o(i.inv_init_results_holder)
    inv_init_start_manager                   0x0800b745   Thumb Code    14  start_manager.o(i.inv_init_start_manager)
    inv_init_storage_manager                 0x0800b759   Thumb Code    20  storage_manager.o(i.inv_init_storage_manager)
    inv_orientation_matrix_to_scalar         0x0800b771   Thumb Code    36  ml_math_func.o(i.inv_orientation_matrix_to_scalar)
    inv_q29_mult                             0x0800b795   Thumb Code    12  ml_math_func.o(i.inv_q29_mult)
    inv_q30_mult                             0x0800b7a1   Thumb Code    12  ml_math_func.o(i.inv_q30_mult)
    inv_q_add                                0x0800b7ad   Thumb Code    36  ml_math_func.o(i.inv_q_add)
    inv_q_addf                               0x0800b7d1   Thumb Code    66  ml_math_func.o(i.inv_q_addf)
    inv_q_invert                             0x0800b813   Thumb Code    24  ml_math_func.o(i.inv_q_invert)
    inv_q_invertf                            0x0800b82b   Thumb Code    46  ml_math_func.o(i.inv_q_invertf)
    inv_q_mult                               0x0800b859   Thumb Code   176  ml_math_func.o(i.inv_q_mult)
    inv_q_multf                              0x0800b909   Thumb Code   210  ml_math_func.o(i.inv_q_multf)
    inv_q_norm4                              0x0800b9dd   Thumb Code   126  ml_math_func.o(i.inv_q_norm4)
    inv_q_normalizef                         0x0800ba61   Thumb Code   174  ml_math_func.o(i.inv_q_normalizef)
    inv_q_rotate                             0x0800bb15   Thumb Code    62  ml_math_func.o(i.inv_q_rotate)
    inv_quaternion_to_rotation               0x0800bb53   Thumb Code   218  ml_math_func.o(i.inv_quaternion_to_rotation)
    inv_register_data_cb                     0x0800bc2d   Thumb Code   164  data_builder.o(i.inv_register_data_cb)
    inv_register_load_store                  0x0800bcdd   Thumb Code   104  storage_manager.o(i.inv_register_load_store)
    inv_register_mpl_start_notification      0x0800bd49   Thumb Code    28  start_manager.o(i.inv_register_mpl_start_notification)
    inv_reset_compass_soft_iron_matrix       0x0800bd69   Thumb Code    68  data_builder.o(i.inv_reset_compass_soft_iron_matrix)
    inv_set_accel_orientation_and_scale      0x0800be01   Thumb Code    10  data_builder.o(i.inv_set_accel_orientation_and_scale)
    inv_set_accel_sample_rate                0x0800be11   Thumb Code    34  data_builder.o(i.inv_set_accel_sample_rate)
    inv_set_compass_bias_found               0x0800be3d   Thumb Code     6  results_holder.o(i.inv_set_compass_bias_found)
    inv_set_compass_correction               0x0800be49   Thumb Code    30  results_holder.o(i.inv_set_compass_correction)
    inv_set_compass_disturbance              0x0800be6d   Thumb Code     8  data_builder.o(i.inv_set_compass_disturbance)
    inv_set_gyro_bias                        0x0800bf0d   Thumb Code    90  data_builder.o(i.inv_set_gyro_bias)
    inv_set_gyro_orientation_and_scale       0x0800bf6d   Thumb Code    10  data_builder.o(i.inv_set_gyro_orientation_and_scale)
    inv_set_gyro_sample_rate                 0x0800bf7d   Thumb Code    30  data_builder.o(i.inv_set_gyro_sample_rate)
    inv_set_message                          0x0800bfa5   Thumb Code    16  message_layer.o(i.inv_set_message)
    inv_set_motion_state                     0x0800bfb9   Thumb Code    52  results_holder.o(i.inv_set_motion_state)
    inv_start_mpl                            0x0800c001   Thumb Code    34  mpl.o(i.inv_start_mpl)
    inv_start_results_holder                 0x0800c045   Thumb Code    18  results_holder.o(i.inv_start_results_holder)
    inv_store_gaming_quaternion              0x0800c05d   Thumb Code    30  results_holder.o(i.inv_store_gaming_quaternion)
    inv_unregister_data_cb                   0x0800c081   Thumb Code    86  data_builder.o(i.inv_unregister_data_cb)
    inv_unregister_mpl_start_notification    0x0800c0dd   Thumb Code    70  start_manager.o(i.inv_unregister_mpl_start_notification)
    main                                     0x0800c129   Thumb Code   196  main.o(i.main)
    malloc                                   0x0800c229   Thumb Code    92  malloc.o(i.malloc)
    mdelay                                   0x0800c295   Thumb Code     4  main.o(i.mdelay)
    module_mpu_init                          0x0800c299   Thumb Code   198  mpu_module.o(i.module_mpu_init)
    mpu_configure_fifo                       0x0800c3d9   Thumb Code    90  inv_mpu.o(i.mpu_configure_fifo)
    mpu_get_accel_fsr                        0x0800c439   Thumb Code    62  inv_mpu.o(i.mpu_get_accel_fsr)
    mpu_get_gyro_fsr                         0x0800c47d   Thumb Code    58  inv_mpu.o(i.mpu_get_gyro_fsr)
    mpu_get_sample_rate                      0x0800c4bd   Thumb Code    24  inv_mpu.o(i.mpu_get_sample_rate)
    mpu_get_temperature                      0x0800c4d9   Thumb Code   134  inv_mpu.o(i.mpu_get_temperature)
    mpu_init                                 0x0800c56d   Thumb Code   206  inv_mpu.o(i.mpu_init)
    mpu_lp_accel_mode                        0x0800c641   Thumb Code   204  inv_mpu.o(i.mpu_lp_accel_mode)
    mpu_module_sampling                      0x0800c711   Thumb Code   174  mpu_module.o(i.mpu_module_sampling)
    mpu_read_euler                           0x0800c7e1   Thumb Code    16  mpu_module.o(i.mpu_read_euler)
    mpu_read_fifo                            0x0800c7f1   Thumb Code   416  inv_mpu.o(i.mpu_read_fifo)
    mpu_reset_fifo                           0x0800c995   Thumb Code   360  inv_mpu.o(i.mpu_reset_fifo)
    mpu_set_accel_fsr                        0x0800cb01   Thumb Code   110  inv_mpu.o(i.mpu_set_accel_fsr)
    mpu_set_bypass                           0x0800cb75   Thumb Code   276  inv_mpu.o(i.mpu_set_bypass)
    mpu_set_gyro_fsr                         0x0800cc8d   Thumb Code   116  inv_mpu.o(i.mpu_set_gyro_fsr)
    mpu_set_int_latched                      0x0800cd05   Thumb Code    92  inv_mpu.o(i.mpu_set_int_latched)
    mpu_set_lpf                              0x0800cd65   Thumb Code   118  inv_mpu.o(i.mpu_set_lpf)
    mpu_set_sample_rate                      0x0800cde1   Thumb Code   126  inv_mpu.o(i.mpu_set_sample_rate)
    mpu_set_sensors                          0x0800ce65   Thumb Code   172  inv_mpu.o(i.mpu_set_sensors)
    set_sensor_orientation_and_scale         0x0800cf89   Thumb Code     6  data_builder.o(i.set_sensor_orientation_and_scale)
    sinf                                     0x0800cf8f   Thumb Code    16  sinf.o(i.sinf)
    sqrt                                     0x0800cf9f   Thumb Code   110  sqrt.o(i.sqrt)
    sqrtf                                    0x0800d00d   Thumb Code    62  sqrtf.o(i.sqrtf)
    usbprint                                 0x0800d04b   Thumb Code    36  usb_device.o(i.usbprint)
    AHBPrescTable                            0x0800d06e   Data          16  system_stm32f4xx.o(.constdata)
    APBPrescTable                            0x0800d07e   Data           8  system_stm32f4xx.o(.constdata)
    ml_ver                                   0x0800d086   Data          20  mpl.o(.constdata)
    reg                                      0x0800d0b5   Data          30  inv_mpu.o(.constdata)
    hw                                       0x0800d0d4   Data          12  inv_mpu.o(.constdata)
    test                                     0x0800d0e0   Data          40  inv_mpu.o(.constdata)
    __ctype_categories                       0x0800d330   Data          64  ctype_c.o(.constdata)
    Region$$Table$$Base                      0x0800d3c0   Number         0  anon$$obj.o(Region$$Table)
    Region$$Table$$Limit                     0x0800d3e0   Number         0  anon$$obj.o(Region$$Table)
    remoteDataLock                           0x20000000   Data           1  remotetask.o(.data)
    time_tick_1ms                            0x20000004   Data           4  remotetask.o(.data)
    LF                                       0x20000038   Data          20  leg.o(.data)
    RF                                       0x2000004c   Data          20  leg.o(.data)
    LB                                       0x20000060   Data          20  leg.o(.data)
    RB                                       0x20000074   Data          20  leg.o(.data)
    mpl_key                                  0x20000098   Data           4  mpu_module.o(.data)
    rc_rxdata                                0x2000009c   Data           1  usart.o(.data)
    FS_Desc                                  0x200000a0   Data          28  usbd_desc.o(.data)
    USBD_LangIDDesc                          0x200000bc   Data           4  usbd_desc.o(.data)
    USBD_FS_DeviceDesc                       0x200000c0   Data          18  usbd_desc.o(.data)
    USBD_Interface_fops_FS                   0x200000d4   Data          16  usbd_cdc_if.o(.data)
    usb_face_x                               0x200000e4   Data           4  usbd_cdc_if.o(.data)
    usb_face_y                               0x200000e8   Data           4  usbd_cdc_if.o(.data)
    uwTickFreq                               0x200000ec   Data           1  stm32f4xx_hal.o(.data)
    uwTickPrio                               0x200000f0   Data           4  stm32f4xx_hal.o(.data)
    uwTick                                   0x200000f4   Data           4  stm32f4xx_hal.o(.data)
    SystemCoreClock                          0x200000f8   Data           4  system_stm32f4xx.o(.data)
    USBD_CDC_CfgHSDesc                       0x20000110   Data          67  usbd_cdc.o(.data)
    USBD_CDC_CfgFSDesc                       0x20000154   Data          67  usbd_cdc.o(.data)
    USBD_CDC_OtherSpeedCfgDesc               0x20000198   Data          67  usbd_cdc.o(.data)
    USBD_CDC                                 0x200001dc   Data          56  usbd_cdc.o(.data)
    __microlib_freelist                      0x20000244   Data           4  mvars.o(.data)
    __microlib_freelist_initialised          0x20000248   Data           4  mvars.o(.data)
    rc_rxbuff                                0x20000250   Data          20  remotetask.o(.bss)
    RC_CtrlData                              0x20000264   Data          23  remotetask.o(.bss)
    pid_body_pos_lf_rb                       0x20000280   Data          56  pid.o(.bss)
    pid_body_pos_rf_lb                       0x200002b8   Data          56  pid.o(.bss)
    body                                     0x200002f0   Data          20  control_task.o(.bss)
    zero_pos                                 0x20000308   Data          64  leg.o(.bss)
    hi2c2                                    0x20000358   Data          84  i2c.o(.bss)
    htim4                                    0x200003ac   Data          60  tim.o(.bss)
    htim6                                    0x200003e8   Data          60  tim.o(.bss)
    htim8                                    0x20000424   Data          60  tim.o(.bss)
    huart2                                   0x20000460   Data          64  usart.o(.bss)
    hUsbDeviceFS                             0x200004a0   Data         548  usb_device.o(.bss)
    hpcd_USB_OTG_FS                          0x200006c4   Data        1008  usbd_conf.o(.bss)
    USBD_StrDesc                             0x20000ab4   Data         512  usbd_desc.o(.bss)
    UserRxBufferFS                           0x20000cb4   Data        2048  usbd_cdc_if.o(.bss)
    UserTxBufferFS                           0x200014b4   Data        2048  usbd_cdc_if.o(.bss)
    fnm                                      0x20002228   Data         608  fast_no_motion.o(.bss)
    s9axis                                   0x200024c8   Data         312  fusion_9axis.o(.bss)
    mag_disturb                              0x20002830   Data         184  mag_disturb.o(.bss)
    __heap_base                              0x200028e8   Data           0  startup_stm32f407xx.o(HEAP)
    __heap_limit                             0x20002ce8   Data           0  startup_stm32f407xx.o(HEAP)
    __initial_sp                             0x200034e8   Data           0  startup_stm32f407xx.o(STACK)



==============================================================================

Memory Map of the image

  Image Entry point : 0x08000189

  Load Region LR_IROM1 (Base: 0x08000000, Size: 0x0000d630, Max: 0x00080000, ABSOLUTE, COMPRESSED[0x0000d4bc])

    Execution Region ER_IROM1 (Exec base: 0x08000000, Load base: 0x08000000, Size: 0x0000d3e0, Max: 0x00080000, ABSOLUTE)

    Exec Addr    Load Addr    Size         Type   Attr      Idx    E Section Name        Object

    0x08000000   0x08000000   0x00000188   Data   RO            3    RESET               startup_stm32f407xx.o
    0x08000188   0x08000188   0x00000000   Code   RO         7225  * .ARM.Collect$$$$00000000  mc_w.l(entry.o)
    0x08000188   0x08000188   0x00000004   Code   RO         7410    .ARM.Collect$$$$00000001  mc_w.l(entry2.o)
    0x0800018c   0x0800018c   0x00000004   Code   RO         7413    .ARM.Collect$$$$00000004  mc_w.l(entry5.o)
    0x08000190   0x08000190   0x00000000   Code   RO         7415    .ARM.Collect$$$$00000008  mc_w.l(entry7b.o)
    0x08000190   0x08000190   0x00000000   Code   RO         7417    .ARM.Collect$$$$0000000A  mc_w.l(entry8b.o)
    0x08000190   0x08000190   0x00000008   Code   RO         7418    .ARM.Collect$$$$0000000B  mc_w.l(entry9a.o)
    0x08000198   0x08000198   0x00000000   Code   RO         7420    .ARM.Collect$$$$0000000D  mc_w.l(entry10a.o)
    0x08000198   0x08000198   0x00000000   Code   RO         7422    .ARM.Collect$$$$0000000F  mc_w.l(entry11a.o)
    0x08000198   0x08000198   0x00000004   Code   RO         7411    .ARM.Collect$$$$00002712  mc_w.l(entry2.o)
    0x0800019c   0x0800019c   0x00000024   Code   RO            4    .text               startup_stm32f407xx.o
    0x080001c0   0x080001c0   0x000009f4   Code   RO         6840    .text               libmpllib.lib(fast_no_motion.o)
    0x08000bb4   0x08000bb4   0x0000065c   Code   RO         6931    .text               libmpllib.lib(fusion_9axis.o)
    0x08001210   0x08001210   0x000004bc   Code   RO         6956    .text               libmpllib.lib(gyro_tc.o)
    0x080016cc   0x080016cc   0x00000940   Code   RO         6977    .text               libmpllib.lib(quaternion_supervisor.o)
    0x0800200c   0x0800200c   0x00000550   Code   RO         6995    .text               libmpllib.lib(mag_disturb.o)
    0x0800255c   0x0800255c   0x00000062   Code   RO         7228    .text               mc_w.l(uldiv.o)
    0x080025be   0x080025be   0x00000062   Code   RO         7230    .text               mc_w.l(ldiv.o)
    0x08002620   0x08002620   0x0000001e   Code   RO         7232    .text               mc_w.l(llshl.o)
    0x0800263e   0x0800263e   0x00000024   Code   RO         7234    .text               mc_w.l(llsshr.o)
    0x08002662   0x08002662   0x00000040   Code   RO         7238    .text               mc_w.l(memmovea.o)
    0x080026a2   0x080026a2   0x00000024   Code   RO         7240    .text               mc_w.l(memseta.o)
    0x080026c6   0x080026c6   0x0000000e   Code   RO         7242    .text               mc_w.l(strlen.o)
    0x080026d4   0x080026d4   0x0000001a   Code   RO         7244    .text               mc_w.l(memcmp.o)
    0x080026ee   0x080026ee   0x00000002   PAD
    0x080026f0   0x080026f0   0x00000038   Code   RO         7306    .text               mc_w.l(__0sscanf.o)
    0x08002728   0x08002728   0x0000014c   Code   RO         7308    .text               mc_w.l(_scanf_int.o)
    0x08002874   0x08002874   0x000000b0   Code   RO         7310    .text               mf_w.l(fadd.o)
    0x08002924   0x08002924   0x00000064   Code   RO         7312    .text               mf_w.l(fmul.o)
    0x08002988   0x08002988   0x0000007c   Code   RO         7314    .text               mf_w.l(fdiv.o)
    0x08002a04   0x08002a04   0x00000018   Code   RO         7316    .text               mf_w.l(fscalb.o)
    0x08002a1c   0x08002a1c   0x0000014e   Code   RO         7318    .text               mf_w.l(dadd.o)
    0x08002b6a   0x08002b6a   0x000000e4   Code   RO         7320    .text               mf_w.l(dmul.o)
    0x08002c4e   0x08002c4e   0x000000de   Code   RO         7322    .text               mf_w.l(ddiv.o)
    0x08002d2c   0x08002d2c   0x0000002e   Code   RO         7326    .text               mf_w.l(dscalb.o)
    0x08002d5a   0x08002d5a   0x00000012   Code   RO         7328    .text               mf_w.l(fflti.o)
    0x08002d6c   0x08002d6c   0x0000000a   Code   RO         7330    .text               mf_w.l(ffltui.o)
    0x08002d76   0x08002d76   0x0000002c   Code   RO         7332    .text               mf_w.l(ffltl.o)
    0x08002da2   0x08002da2   0x00000022   Code   RO         7334    .text               mf_w.l(dflti.o)
    0x08002dc4   0x08002dc4   0x0000001a   Code   RO         7336    .text               mf_w.l(dfltui.o)
    0x08002dde   0x08002dde   0x00000032   Code   RO         7338    .text               mf_w.l(ffixi.o)
    0x08002e10   0x08002e10   0x00000042   Code   RO         7340    .text               mf_w.l(ffixl.o)
    0x08002e52   0x08002e52   0x0000003e   Code   RO         7342    .text               mf_w.l(dfixi.o)
    0x08002e90   0x08002e90   0x00000032   Code   RO         7344    .text               mf_w.l(dfixui.o)
    0x08002ec2   0x08002ec2   0x00000026   Code   RO         7346    .text               mf_w.l(f2d.o)
    0x08002ee8   0x08002ee8   0x00000030   Code   RO         7348    .text               mf_w.l(cdcmple.o)
    0x08002f18   0x08002f18   0x00000030   Code   RO         7350    .text               mf_w.l(cdrcmple.o)
    0x08002f48   0x08002f48   0x00000038   Code   RO         7352    .text               mf_w.l(d2f.o)
    0x08002f80   0x08002f80   0x00000014   Code   RO         7354    .text               mf_w.l(cfcmple.o)
    0x08002f94   0x08002f94   0x00000014   Code   RO         7356    .text               mf_w.l(cfrcmple.o)
    0x08002fa8   0x08002fa8   0x0000002c   Code   RO         7427    .text               mc_w.l(uidiv.o)
    0x08002fd4   0x08002fd4   0x00000020   Code   RO         7429    .text               mc_w.l(llushr.o)
    0x08002ff4   0x08002ff4   0x0000001c   Code   RO         7440    .text               mc_w.l(_chval.o)
    0x08003010   0x08003010   0x00000028   Code   RO         7442    .text               mc_w.l(scanf_char.o)
    0x08003038   0x08003038   0x00000040   Code   RO         7444    .text               mc_w.l(_sgetc.o)
    0x08003078   0x08003078   0x00000000   Code   RO         7446    .text               mc_w.l(iusefp.o)
    0x08003078   0x08003078   0x0000006e   Code   RO         7447    .text               mf_w.l(fepilogue.o)
    0x080030e6   0x080030e6   0x000000ba   Code   RO         7449    .text               mf_w.l(depilogue.o)
    0x080031a0   0x080031a0   0x000000a2   Code   RO         7451    .text               mf_w.l(dsqrt.o)
    0x08003242   0x08003242   0x00000030   Code   RO         7453    .text               mf_w.l(dfixul.o)
    0x08003272   0x08003272   0x00000002   PAD
    0x08003274   0x08003274   0x00000024   Code   RO         7455    .text               mc_w.l(init.o)
    0x08003298   0x08003298   0x0000000a   Code   RO         7458    .text               mc_w.l(isspace_c.o)
    0x080032a2   0x080032a2   0x00000002   PAD
    0x080032a4   0x080032a4   0x0000032c   Code   RO         7460    .text               mc_w.l(_scanf.o)
    0x080035d0   0x080035d0   0x00000028   Code   RO         7463    .text               mc_w.l(ctype_c.o)
    0x080035f8   0x080035f8   0x00000056   Code   RO         7474    .text               mc_w.l(__dczerorl2.o)
    0x0800364e   0x0800364e   0x00000002   PAD
    0x08003650   0x08003650   0x00000024   Code   RO          186    i.BodyPos_Control_Task  control_task.o
    0x08003674   0x08003674   0x00000002   Code   RO         1092    i.BusFault_Handler  stm32f4xx_it.o
    0x08003676   0x08003676   0x00000008   Code   RO         1040    i.CDC_Control_FS    usbd_cdc_if.o
    0x0800367e   0x0800367e   0x00000004   Code   RO         1041    i.CDC_DeInit_FS     usbd_cdc_if.o
    0x08003682   0x08003682   0x00000002   PAD
    0x08003684   0x08003684   0x00000024   Code   RO         1042    i.CDC_Init_FS       usbd_cdc_if.o
    0x080036a8   0x080036a8   0x00000058   Code   RO         1043    i.CDC_Receive_FS    usbd_cdc_if.o
    0x08003700   0x08003700   0x0000002c   Code   RO         1044    i.CDC_Transmit_FS   usbd_cdc_if.o
    0x0800372c   0x0800372c   0x00000002   Code   RO         1093    i.DebugMon_Handler  stm32f4xx_it.o
    0x0800372e   0x0800372e   0x00000024   Code   RO         3919    i.HAL_DMA_Abort_IT  stm32f4xx_hal_dma.o
    0x08003752   0x08003752   0x00000002   PAD
    0x08003754   0x08003754   0x00000024   Code   RO         4337    i.HAL_Delay         stm32f4xx_hal.o
    0x08003778   0x08003778   0x000001c4   Code   RO         3811    i.HAL_GPIO_Init     stm32f4xx_hal_gpio.o
    0x0800393c   0x0800393c   0x0000000c   Code   RO         4343    i.HAL_GetTick       stm32f4xx_hal.o
    0x08003948   0x08003948   0x0000010c   Code   RO         1760    i.HAL_I2C_Init      stm32f4xx_hal_i2c.o
    0x08003a54   0x08003a54   0x000002a8   Code   RO         1776    i.HAL_I2C_Mem_Read  stm32f4xx_hal_i2c.o
    0x08003cfc   0x08003cfc   0x00000160   Code   RO         1779    i.HAL_I2C_Mem_Write  stm32f4xx_hal_i2c.o
    0x08003e5c   0x08003e5c   0x0000004c   Code   RO          559    i.HAL_I2C_MspInit   i2c.o
    0x08003ea8   0x08003ea8   0x00000010   Code   RO         4347    i.HAL_IncTick       stm32f4xx_hal.o
    0x08003eb8   0x08003eb8   0x00000034   Code   RO         4348    i.HAL_Init          stm32f4xx_hal.o
    0x08003eec   0x08003eec   0x00000044   Code   RO         4349    i.HAL_InitTick      stm32f4xx_hal.o
    0x08003f30   0x08003f30   0x00000084   Code   RO         1192    i.HAL_MspInit       stm32f4xx_hal_msp.o
    0x08003fb4   0x08003fb4   0x00000090   Code   RO         3087    i.HAL_MultiProcessor_Init  stm32f4xx_hal_uart.o
    0x08004044   0x08004044   0x00000016   Code   RO         4200    i.HAL_NVIC_EnableIRQ  stm32f4xx_hal_cortex.o
    0x0800405a   0x0800405a   0x00000002   PAD
    0x0800405c   0x0800405c   0x00000040   Code   RO         4206    i.HAL_NVIC_SetPriority  stm32f4xx_hal_cortex.o
    0x0800409c   0x0800409c   0x00000024   Code   RO         4207    i.HAL_NVIC_SetPriorityGrouping  stm32f4xx_hal_cortex.o
    0x080040c0   0x080040c0   0x00000008   Code   RO         1431    i.HAL_PCDEx_SetRxFiFo  stm32f4xx_hal_pcd_ex.o
    0x080040c8   0x080040c8   0x00000042   Code   RO         1432    i.HAL_PCDEx_SetTxFiFo  stm32f4xx_hal_pcd_ex.o
    0x0800410a   0x0800410a   0x00000008   Code   RO          783    i.HAL_PCD_ConnectCallback  usbd_conf.o
    0x08004112   0x08004112   0x00000012   Code   RO          784    i.HAL_PCD_DataInStageCallback  usbd_conf.o
    0x08004124   0x08004124   0x00000014   Code   RO          785    i.HAL_PCD_DataOutStageCallback  usbd_conf.o
    0x08004138   0x08004138   0x00000008   Code   RO          786    i.HAL_PCD_DisconnectCallback  usbd_conf.o
    0x08004140   0x08004140   0x00000044   Code   RO         1225    i.HAL_PCD_EP_Close  stm32f4xx_hal_pcd.o
    0x08004184   0x08004184   0x00000050   Code   RO         1226    i.HAL_PCD_EP_ClrStall  stm32f4xx_hal_pcd.o
    0x080041d4   0x080041d4   0x00000014   Code   RO         1228    i.HAL_PCD_EP_GetRxCount  stm32f4xx_hal_pcd.o
    0x080041e8   0x080041e8   0x00000054   Code   RO         1229    i.HAL_PCD_EP_Open   stm32f4xx_hal_pcd.o
    0x0800423c   0x0800423c   0x00000042   Code   RO         1230    i.HAL_PCD_EP_Receive  stm32f4xx_hal_pcd.o
    0x0800427e   0x0800427e   0x00000060   Code   RO         1231    i.HAL_PCD_EP_SetStall  stm32f4xx_hal_pcd.o
    0x080042de   0x080042de   0x00000042   Code   RO         1232    i.HAL_PCD_EP_Transmit  stm32f4xx_hal_pcd.o
    0x08004320   0x08004320   0x00000508   Code   RO         1234    i.HAL_PCD_IRQHandler  stm32f4xx_hal_pcd.o
    0x08004828   0x08004828   0x00000008   Code   RO          787    i.HAL_PCD_ISOINIncompleteCallback  usbd_conf.o
    0x08004830   0x08004830   0x00000008   Code   RO          788    i.HAL_PCD_ISOOUTIncompleteCallback  usbd_conf.o
    0x08004838   0x08004838   0x000000ba   Code   RO         1237    i.HAL_PCD_Init      stm32f4xx_hal_pcd.o
    0x080048f2   0x080048f2   0x00000002   PAD
    0x080048f4   0x080048f4   0x00000064   Code   RO          790    i.HAL_PCD_MspInit   usbd_conf.o
    0x08004958   0x08004958   0x00000022   Code   RO          791    i.HAL_PCD_ResetCallback  usbd_conf.o
    0x0800497a   0x0800497a   0x00000008   Code   RO          792    i.HAL_PCD_ResumeCallback  usbd_conf.o
    0x08004982   0x08004982   0x00000008   Code   RO          793    i.HAL_PCD_SOFCallback  usbd_conf.o
    0x0800498a   0x0800498a   0x00000024   Code   RO         1243    i.HAL_PCD_SetAddress  stm32f4xx_hal_pcd.o
    0x080049ae   0x080049ae   0x0000000e   Code   RO          794    i.HAL_PCD_SetupStageCallback  usbd_conf.o
    0x080049bc   0x080049bc   0x0000002a   Code   RO         1245    i.HAL_PCD_Start     stm32f4xx_hal_pcd.o
    0x080049e6   0x080049e6   0x00000002   PAD
    0x080049e8   0x080049e8   0x00000030   Code   RO          795    i.HAL_PCD_SuspendCallback  usbd_conf.o
    0x08004a18   0x08004a18   0x00000144   Code   RO         3412    i.HAL_RCC_ClockConfig  stm32f4xx_hal_rcc.o
    0x08004b5c   0x08004b5c   0x0000000c   Code   RO         3417    i.HAL_RCC_GetHCLKFreq  stm32f4xx_hal_rcc.o
    0x08004b68   0x08004b68   0x00000020   Code   RO         3419    i.HAL_RCC_GetPCLK1Freq  stm32f4xx_hal_rcc.o
    0x08004b88   0x08004b88   0x00000020   Code   RO         3420    i.HAL_RCC_GetPCLK2Freq  stm32f4xx_hal_rcc.o
    0x08004ba8   0x08004ba8   0x00000068   Code   RO         3421    i.HAL_RCC_GetSysClockFreq  stm32f4xx_hal_rcc.o
    0x08004c10   0x08004c10   0x00000390   Code   RO         3424    i.HAL_RCC_OscConfig  stm32f4xx_hal_rcc.o
    0x08004fa0   0x08004fa0   0x0000001c   Code   RO         4209    i.HAL_SYSTICK_CLKSourceConfig  stm32f4xx_hal_cortex.o
    0x08004fbc   0x08004fbc   0x00000002   Code   RO         4210    i.HAL_SYSTICK_Callback  stm32f4xx_hal_cortex.o
    0x08004fbe   0x08004fbe   0x00000028   Code   RO         4211    i.HAL_SYSTICK_Config  stm32f4xx_hal_cortex.o
    0x08004fe6   0x08004fe6   0x00000008   Code   RO         4212    i.HAL_SYSTICK_IRQHandler  stm32f4xx_hal_cortex.o
    0x08004fee   0x08004fee   0x00000002   Code   RO         2841    i.HAL_TIMEx_BreakCallback  stm32f4xx_hal_tim_ex.o
    0x08004ff0   0x08004ff0   0x00000002   Code   RO         2842    i.HAL_TIMEx_CommutationCallback  stm32f4xx_hal_tim_ex.o
    0x08004ff2   0x08004ff2   0x0000005a   Code   RO         2843    i.HAL_TIMEx_ConfigBreakDeadTime  stm32f4xx_hal_tim_ex.o
    0x0800504c   0x0800504c   0x00000050   Code   RO         2858    i.HAL_TIMEx_MasterConfigSynchronization  stm32f4xx_hal_tim_ex.o
    0x0800509c   0x0800509c   0x00000038   Code   RO         2202    i.HAL_TIM_Base_Init  stm32f4xx_hal_tim.o
    0x080050d4   0x080050d4   0x0000003c   Code   RO          613    i.HAL_TIM_Base_MspInit  tim.o
    0x08005110   0x08005110   0x00000018   Code   RO         2207    i.HAL_TIM_Base_Start_IT  stm32f4xx_hal_tim.o
    0x08005128   0x08005128   0x00000002   Code   RO         2231    i.HAL_TIM_IC_CaptureCallback  stm32f4xx_hal_tim.o
    0x0800512a   0x0800512a   0x0000016e   Code   RO         2244    i.HAL_TIM_IRQHandler  stm32f4xx_hal_tim.o
    0x08005298   0x08005298   0x0000005c   Code   RO          614    i.HAL_TIM_MspPostInit  tim.o
    0x080052f4   0x080052f4   0x00000002   Code   RO         2247    i.HAL_TIM_OC_DelayElapsedCallback  stm32f4xx_hal_tim.o
    0x080052f6   0x080052f6   0x000000da   Code   RO         2268    i.HAL_TIM_PWM_ConfigChannel  stm32f4xx_hal_tim.o
    0x080053d0   0x080053d0   0x00000038   Code   RO         2271    i.HAL_TIM_PWM_Init  stm32f4xx_hal_tim.o
    0x08005408   0x08005408   0x00000048   Code   RO          616    i.HAL_TIM_PWM_MspInit  tim.o
    0x08005450   0x08005450   0x00000002   Code   RO         2274    i.HAL_TIM_PWM_PulseFinishedCallback  stm32f4xx_hal_tim.o
    0x08005452   0x08005452   0x00000002   PAD
    0x08005454   0x08005454   0x00000038   Code   RO         2275    i.HAL_TIM_PWM_Start  stm32f4xx_hal_tim.o
    0x0800548c   0x0800548c   0x0000001c   Code   RO         1094    i.HAL_TIM_PeriodElapsedCallback  stm32f4xx_it.o
    0x080054a8   0x080054a8   0x00000002   Code   RO         2285    i.HAL_TIM_TriggerCallback  stm32f4xx_hal_tim.o
    0x080054aa   0x080054aa   0x00000002   Code   RO         3101    i.HAL_UART_ErrorCallback  stm32f4xx_hal_uart.o
    0x080054ac   0x080054ac   0x00000110   Code   RO         3104    i.HAL_UART_IRQHandler  stm32f4xx_hal_uart.o
    0x080055bc   0x080055bc   0x0000005c   Code   RO          685    i.HAL_UART_MspInit  usart.o
    0x08005618   0x08005618   0x0000004c   Code   RO         3110    i.HAL_UART_Receive_IT  stm32f4xx_hal_uart.o
    0x08005664   0x08005664   0x00000030   Code   RO          686    i.HAL_UART_RxCpltCallback  usart.o
    0x08005694   0x08005694   0x00000002   Code   RO         3116    i.HAL_UART_TxCpltCallback  stm32f4xx_hal_uart.o
    0x08005696   0x08005696   0x00000002   Code   RO         1095    i.HardFault_Handler  stm32f4xx_it.o
    0x08005698   0x08005698   0x00000028   Code   RO         1798    i.I2C_IsAcknowledgeFailed  stm32f4xx_hal_i2c.o
    0x080056c0   0x080056c0   0x00000144   Code   RO         1808    i.I2C_RequestMemoryRead  stm32f4xx_hal_i2c.o
    0x08005804   0x08005804   0x000000c8   Code   RO         1809    i.I2C_RequestMemoryWrite  stm32f4xx_hal_i2c.o
    0x080058cc   0x080058cc   0x0000004c   Code   RO         1817    i.I2C_WaitOnBTFFlagUntilTimeout  stm32f4xx_hal_i2c.o
    0x08005918   0x08005918   0x00000074   Code   RO         1818    i.I2C_WaitOnFlagUntilTimeout  stm32f4xx_hal_i2c.o
    0x0800598c   0x0800598c   0x00000094   Code   RO         1819    i.I2C_WaitOnMasterAddressFlagUntilTimeout  stm32f4xx_hal_i2c.o
    0x08005a20   0x08005a20   0x00000062   Code   RO         1820    i.I2C_WaitOnRXNEFlagUntilTimeout  stm32f4xx_hal_i2c.o
    0x08005a82   0x08005a82   0x0000004c   Code   RO         1822    i.I2C_WaitOnTXEFlagUntilTimeout  stm32f4xx_hal_i2c.o
    0x08005ace   0x08005ace   0x00000002   PAD
    0x08005ad0   0x08005ad0   0x000000a0   Code   RO          283    i.Leg_Init          leg.o
    0x08005b70   0x08005b70   0x0000005c   Code   RO          534    i.MX_GPIO_Init      gpio.o
    0x08005bcc   0x08005bcc   0x00000054   Code   RO          560    i.MX_I2C2_Init      i2c.o
    0x08005c20   0x08005c20   0x000000bc   Code   RO          617    i.MX_TIM4_Init      tim.o
    0x08005cdc   0x08005cdc   0x00000058   Code   RO          618    i.MX_TIM6_Init      tim.o
    0x08005d34   0x08005d34   0x000000e8   Code   RO          619    i.MX_TIM8_Init      tim.o
    0x08005e1c   0x08005e1c   0x0000005c   Code   RO          687    i.MX_USART2_UART_Init  usart.o
    0x08005e78   0x08005e78   0x00000038   Code   RO          733    i.MX_USB_DEVICE_Init  usb_device.o
    0x08005eb0   0x08005eb0   0x00000324   Code   RO          187    i.Main_Control_Task  control_task.o
    0x080061d4   0x080061d4   0x00000002   Code   RO         1096    i.MemManage_Handler  stm32f4xx_it.o
    0x080061d6   0x080061d6   0x00000002   Code   RO         1097    i.NMI_Handler       stm32f4xx_it.o
    0x080061d8   0x080061d8   0x00000020   Code   RO         4213    i.NVIC_SetPriority  stm32f4xx_hal_cortex.o
    0x080061f8   0x080061f8   0x0000000c   Code   RO         1098    i.OTG_FS_IRQHandler  stm32f4xx_it.o
    0x08006204   0x08006204   0x0000008a   Code   RO         1248    i.PCD_WriteEmptyTxFifo  stm32f4xx_hal_pcd.o
    0x0800628e   0x0800628e   0x00000002   Code   RO         1099    i.PendSV_Handler    stm32f4xx_it.o
    0x08006290   0x08006290   0x000000b0   Code   RO           13    i.RemoteDataProcess  remotetask.o
    0x08006340   0x08006340   0x00000002   Code   RO         1100    i.SVC_Handler       stm32f4xx_it.o
    0x08006342   0x08006342   0x00000002   PAD
    0x08006344   0x08006344   0x00000020   Code   RO          561    i.Sensors_I2C_ReadRegister  i2c.o
    0x08006364   0x08006364   0x00000024   Code   RO          562    i.Sensors_I2C_WriteRegister  i2c.o
    0x08006388   0x08006388   0x000001d4   Code   RO          284    i.Set_Feet_Pos      leg.o
    0x0800655c   0x0800655c   0x00000094   Code   RO          285    i.Set_Leg_Angle     leg.o
    0x080065f0   0x080065f0   0x00000194   Code   RO          286    i.Set_Servo_Angle   leg.o
    0x08006784   0x08006784   0x00000040   Code   RO          287    i.Set_ZeroPos       leg.o
    0x080067c4   0x080067c4   0x0000000e   Code   RO         1101    i.SysTick_Handler   stm32f4xx_it.o
    0x080067d2   0x080067d2   0x00000002   PAD
    0x080067d4   0x080067d4   0x000000b8   Code   RO          473    i.SystemClock_Config  main.o
    0x0800688c   0x0800688c   0x00000054   Code   RO         4502    i.SystemInit        system_stm32f4xx.o
    0x080068e0   0x080068e0   0x0000000c   Code   RO         1102    i.TIM6_DAC_IRQHandler  stm32f4xx_it.o
    0x080068ec   0x080068ec   0x000000c4   Code   RO         2286    i.TIM_Base_SetConfig  stm32f4xx_hal_tim.o
    0x080069b0   0x080069b0   0x00000016   Code   RO         2287    i.TIM_CCxChannelCmd  stm32f4xx_hal_tim.o
    0x080069c6   0x080069c6   0x00000002   PAD
    0x080069c8   0x080069c8   0x00000060   Code   RO         2295    i.TIM_OC1_SetConfig  stm32f4xx_hal_tim.o
    0x08006a28   0x08006a28   0x0000006c   Code   RO         2296    i.TIM_OC2_SetConfig  stm32f4xx_hal_tim.o
    0x08006a94   0x08006a94   0x00000068   Code   RO         2297    i.TIM_OC3_SetConfig  stm32f4xx_hal_tim.o
    0x08006afc   0x08006afc   0x00000054   Code   RO         2298    i.TIM_OC4_SetConfig  stm32f4xx_hal_tim.o
    0x08006b50   0x08006b50   0x000002e0   Code   RO          188    i.Trot_Leg          control_task.o
    0x08006e30   0x08006e30   0x00000010   Code   RO         3118    i.UART_DMAAbortOnError  stm32f4xx_hal_uart.o
    0x08006e40   0x08006e40   0x0000001c   Code   RO         3128    i.UART_EndRxTransfer  stm32f4xx_hal_uart.o
    0x08006e5c   0x08006e5c   0x0000001a   Code   RO         3129    i.UART_EndTransmit_IT  stm32f4xx_hal_uart.o
    0x08006e76   0x08006e76   0x00000092   Code   RO         3131    i.UART_Receive_IT   stm32f4xx_hal_uart.o
    0x08006f08   0x08006f08   0x00000314   Code   RO         3132    i.UART_SetConfig    stm32f4xx_hal_uart.o
    0x0800721c   0x0800721c   0x00000066   Code   RO         3133    i.UART_Transmit_IT  stm32f4xx_hal_uart.o
    0x08007282   0x08007282   0x00000002   PAD
    0x08007284   0x08007284   0x0000000c   Code   RO         1103    i.USART2_IRQHandler  stm32f4xx_it.o
    0x08007290   0x08007290   0x00000016   Code   RO         4832    i.USBD_CDC_DataIn   usbd_cdc.o
    0x080072a6   0x080072a6   0x00000030   Code   RO         4833    i.USBD_CDC_DataOut  usbd_cdc.o
    0x080072d6   0x080072d6   0x0000003c   Code   RO         4834    i.USBD_CDC_DeInit   usbd_cdc.o
    0x08007312   0x08007312   0x0000002a   Code   RO         4835    i.USBD_CDC_EP0_RxReady  usbd_cdc.o
    0x0800733c   0x0800733c   0x0000000c   Code   RO         4836    i.USBD_CDC_GetDeviceQualifierDescriptor  usbd_cdc.o
    0x08007348   0x08007348   0x0000000c   Code   RO         4837    i.USBD_CDC_GetFSCfgDesc  usbd_cdc.o
    0x08007354   0x08007354   0x0000000c   Code   RO         4838    i.USBD_CDC_GetHSCfgDesc  usbd_cdc.o
    0x08007360   0x08007360   0x0000000c   Code   RO         4839    i.USBD_CDC_GetOtherSpeedCfgDesc  usbd_cdc.o
    0x0800736c   0x0800736c   0x0000009e   Code   RO         4840    i.USBD_CDC_Init     usbd_cdc.o
    0x0800740a   0x0800740a   0x00000032   Code   RO         4841    i.USBD_CDC_ReceivePacket  usbd_cdc.o
    0x0800743c   0x0800743c   0x00000010   Code   RO         4842    i.USBD_CDC_RegisterInterface  usbd_cdc.o
    0x0800744c   0x0800744c   0x0000000c   Code   RO         4843    i.USBD_CDC_SetRxBuffer  usbd_cdc.o
    0x08007458   0x08007458   0x00000010   Code   RO         4844    i.USBD_CDC_SetTxBuffer  usbd_cdc.o
    0x08007468   0x08007468   0x00000078   Code   RO         4845    i.USBD_CDC_Setup    usbd_cdc.o
    0x080074e0   0x080074e0   0x00000030   Code   RO         4846    i.USBD_CDC_TransmitPacket  usbd_cdc.o
    0x08007510   0x08007510   0x0000000e   Code   RO         4539    i.USBD_ClrClassConfig  usbd_core.o
    0x0800751e   0x0800751e   0x0000003c   Code   RO         4677    i.USBD_ClrFeature   usbd_ctlreq.o
    0x0800755a   0x0800755a   0x00000010   Code   RO         4772    i.USBD_CtlContinueRx  usbd_ioreq.o
    0x0800756a   0x0800756a   0x00000010   Code   RO         4773    i.USBD_CtlContinueSendData  usbd_ioreq.o
    0x0800757a   0x0800757a   0x00000018   Code   RO         4678    i.USBD_CtlError     usbd_ctlreq.o
    0x08007592   0x08007592   0x0000001e   Code   RO         4774    i.USBD_CtlPrepareRx  usbd_ioreq.o
    0x080075b0   0x080075b0   0x00000016   Code   RO         4775    i.USBD_CtlReceiveStatus  usbd_ioreq.o
    0x080075c6   0x080075c6   0x0000001a   Code   RO         4776    i.USBD_CtlSendData  usbd_ioreq.o
    0x080075e0   0x080075e0   0x00000016   Code   RO         4777    i.USBD_CtlSendStatus  usbd_ioreq.o
    0x080075f6   0x080075f6   0x00000002   PAD
    0x080075f8   0x080075f8   0x00000030   Code   RO          972    i.USBD_FS_ConfigStrDescriptor  usbd_desc.o
    0x08007628   0x08007628   0x0000000c   Code   RO          973    i.USBD_FS_DeviceDescriptor  usbd_desc.o
    0x08007634   0x08007634   0x00000034   Code   RO          974    i.USBD_FS_InterfaceStrDescriptor  usbd_desc.o
    0x08007668   0x08007668   0x0000000c   Code   RO          975    i.USBD_FS_LangIDStrDescriptor  usbd_desc.o
    0x08007674   0x08007674   0x00000028   Code   RO          976    i.USBD_FS_ManufacturerStrDescriptor  usbd_desc.o
    0x0800769c   0x0800769c   0x0000003c   Code   RO          977    i.USBD_FS_ProductStrDescriptor  usbd_desc.o
    0x080076d8   0x080076d8   0x00000034   Code   RO          978    i.USBD_FS_SerialStrDescriptor  usbd_desc.o
    0x0800770c   0x0800770c   0x00000030   Code   RO         4679    i.USBD_GetConfig    usbd_ctlreq.o
    0x0800773c   0x0800773c   0x0000012e   Code   RO         4680    i.USBD_GetDescriptor  usbd_ctlreq.o
    0x0800786a   0x0800786a   0x00000014   Code   RO         4681    i.USBD_GetLen       usbd_ctlreq.o
    0x0800787e   0x0800787e   0x00000028   Code   RO         4682    i.USBD_GetStatus    usbd_ctlreq.o
    0x080078a6   0x080078a6   0x0000003c   Code   RO         4683    i.USBD_GetString    usbd_ctlreq.o
    0x080078e2   0x080078e2   0x0000002c   Code   RO         4541    i.USBD_Init         usbd_core.o
    0x0800790e   0x0800790e   0x0000002c   Code   RO          796    i.USBD_LL_ClearStallEP  usbd_conf.o
    0x0800793a   0x0800793a   0x0000002c   Code   RO          797    i.USBD_LL_CloseEP   usbd_conf.o
    0x08007966   0x08007966   0x000000ba   Code   RO         4542    i.USBD_LL_DataInStage  usbd_core.o
    0x08007a20   0x08007a20   0x0000006c   Code   RO         4543    i.USBD_LL_DataOutStage  usbd_core.o
    0x08007a8c   0x08007a8c   0x00000004   Code   RO         4544    i.USBD_LL_DevConnected  usbd_core.o
    0x08007a90   0x08007a90   0x00000016   Code   RO         4545    i.USBD_LL_DevDisconnected  usbd_core.o
    0x08007aa6   0x08007aa6   0x00000008   Code   RO          801    i.USBD_LL_GetRxDataSize  usbd_conf.o
    0x08007aae   0x08007aae   0x00000002   PAD
    0x08007ab0   0x08007ab0   0x0000007c   Code   RO          802    i.USBD_LL_Init      usbd_conf.o
    0x08007b2c   0x08007b2c   0x00000020   Code   RO          803    i.USBD_LL_IsStallEP  usbd_conf.o
    0x08007b4c   0x08007b4c   0x00000004   Code   RO         4546    i.USBD_LL_IsoINIncomplete  usbd_core.o
    0x08007b50   0x08007b50   0x00000004   Code   RO         4547    i.USBD_LL_IsoOUTIncomplete  usbd_core.o
    0x08007b54   0x08007b54   0x00000032   Code   RO          804    i.USBD_LL_OpenEP    usbd_conf.o
    0x08007b86   0x08007b86   0x0000002c   Code   RO          805    i.USBD_LL_PrepareReceive  usbd_conf.o
    0x08007bb2   0x08007bb2   0x00000040   Code   RO         4548    i.USBD_LL_Reset     usbd_core.o
    0x08007bf2   0x08007bf2   0x0000000c   Code   RO         4549    i.USBD_LL_Resume    usbd_core.o
    0x08007bfe   0x08007bfe   0x00000018   Code   RO         4550    i.USBD_LL_SOF       usbd_core.o
    0x08007c16   0x08007c16   0x00000006   Code   RO         4551    i.USBD_LL_SetSpeed  usbd_core.o
    0x08007c1c   0x08007c1c   0x0000002c   Code   RO          806    i.USBD_LL_SetUSBAddress  usbd_conf.o
    0x08007c48   0x08007c48   0x0000005a   Code   RO         4552    i.USBD_LL_SetupStage  usbd_core.o
    0x08007ca2   0x08007ca2   0x0000002c   Code   RO          807    i.USBD_LL_StallEP   usbd_conf.o
    0x08007cce   0x08007cce   0x0000002c   Code   RO          808    i.USBD_LL_Start     usbd_conf.o
    0x08007cfa   0x08007cfa   0x00000010   Code   RO         4553    i.USBD_LL_Suspend   usbd_core.o
    0x08007d0a   0x08007d0a   0x0000002c   Code   RO          810    i.USBD_LL_Transmit  usbd_conf.o
    0x08007d36   0x08007d36   0x00000028   Code   RO         4684    i.USBD_ParseSetupRequest  usbd_ctlreq.o
    0x08007d5e   0x08007d5e   0x00000012   Code   RO         4554    i.USBD_RegisterClass  usbd_core.o
    0x08007d70   0x08007d70   0x00000004   Code   RO         4555    i.USBD_RunTestMode  usbd_core.o
    0x08007d74   0x08007d74   0x00000054   Code   RO         4685    i.USBD_SetAddress   usbd_ctlreq.o
    0x08007dc8   0x08007dc8   0x00000018   Code   RO         4556    i.USBD_SetClassConfig  usbd_core.o
    0x08007de0   0x08007de0   0x000000c4   Code   RO         4686    i.USBD_SetConfig    usbd_ctlreq.o
    0x08007ea4   0x08007ea4   0x00000024   Code   RO         4687    i.USBD_SetFeature   usbd_ctlreq.o
    0x08007ec8   0x08007ec8   0x0000000a   Code   RO         4557    i.USBD_Start        usbd_core.o
    0x08007ed2   0x08007ed2   0x0000004a   Code   RO         4688    i.USBD_StdDevReq    usbd_ctlreq.o
    0x08007f1c   0x08007f1c   0x00000120   Code   RO         4689    i.USBD_StdEPReq     usbd_ctlreq.o
    0x0800803c   0x0800803c   0x00000044   Code   RO         4690    i.USBD_StdItfReq    usbd_ctlreq.o
    0x08008080   0x08008080   0x00000084   Code   RO         1462    i.USB_ActivateEndpoint  stm32f4xx_ll_usb.o
    0x08008104   0x08008104   0x00000034   Code   RO         1463    i.USB_ActivateSetup  stm32f4xx_ll_usb.o
    0x08008138   0x08008138   0x00000074   Code   RO         1465    i.USB_CoreInit      stm32f4xx_ll_usb.o
    0x080081ac   0x080081ac   0x00000038   Code   RO         1466    i.USB_CoreReset     stm32f4xx_ll_usb.o
    0x080081e4   0x080081e4   0x000000cc   Code   RO         1468    i.USB_DeactivateEndpoint  stm32f4xx_ll_usb.o
    0x080082b0   0x080082b0   0x00000018   Code   RO         1469    i.USB_DevConnect    stm32f4xx_ll_usb.o
    0x080082c8   0x080082c8   0x00000018   Code   RO         1470    i.USB_DevDisconnect  stm32f4xx_ll_usb.o
    0x080082e0   0x080082e0   0x00000144   Code   RO         1471    i.USB_DevInit       stm32f4xx_ll_usb.o
    0x08008424   0x08008424   0x0000000c   Code   RO         1472    i.USB_DisableGlobalInt  stm32f4xx_ll_usb.o
    0x08008430   0x08008430   0x00000148   Code   RO         1475    i.USB_EP0StartXfer  stm32f4xx_ll_usb.o
    0x08008578   0x08008578   0x00000038   Code   RO         1476    i.USB_EP0_OutStart  stm32f4xx_ll_usb.o
    0x080085b0   0x080085b0   0x00000064   Code   RO         1477    i.USB_EPClearStall  stm32f4xx_ll_usb.o
    0x08008614   0x08008614   0x0000005e   Code   RO         1478    i.USB_EPSetStall    stm32f4xx_ll_usb.o
    0x08008672   0x08008672   0x00000002   PAD
    0x08008674   0x08008674   0x0000023c   Code   RO         1479    i.USB_EPStartXfer   stm32f4xx_ll_usb.o
    0x080088b0   0x080088b0   0x0000000c   Code   RO         1480    i.USB_EnableGlobalInt  stm32f4xx_ll_usb.o
    0x080088bc   0x080088bc   0x00000020   Code   RO         1481    i.USB_FlushRxFifo   stm32f4xx_ll_usb.o
    0x080088dc   0x080088dc   0x00000024   Code   RO         1482    i.USB_FlushTxFifo   stm32f4xx_ll_usb.o
    0x08008900   0x08008900   0x0000003c   Code   RO         1484    i.USB_GetDevSpeed   stm32f4xx_ll_usb.o
    0x0800893c   0x0800893c   0x00000008   Code   RO         1486    i.USB_GetMode       stm32f4xx_ll_usb.o
    0x08008944   0x08008944   0x0000000e   Code   RO         1493    i.USB_ReadDevAllInEpInterrupt  stm32f4xx_ll_usb.o
    0x08008952   0x08008952   0x0000000e   Code   RO         1494    i.USB_ReadDevAllOutEpInterrupt  stm32f4xx_ll_usb.o
    0x08008960   0x08008960   0x0000001e   Code   RO         1495    i.USB_ReadDevInEPInterrupt  stm32f4xx_ll_usb.o
    0x0800897e   0x0800897e   0x00000010   Code   RO         1496    i.USB_ReadDevOutEPInterrupt  stm32f4xx_ll_usb.o
    0x0800898e   0x0800898e   0x00000008   Code   RO         1497    i.USB_ReadInterrupts  stm32f4xx_ll_usb.o
    0x08008996   0x08008996   0x00000020   Code   RO         1498    i.USB_ReadPacket    stm32f4xx_ll_usb.o
    0x080089b6   0x080089b6   0x0000002e   Code   RO         1500    i.USB_SetCurrentMode  stm32f4xx_ll_usb.o
    0x080089e4   0x080089e4   0x0000001e   Code   RO         1501    i.USB_SetDevAddress  stm32f4xx_ll_usb.o
    0x08008a02   0x08008a02   0x0000000e   Code   RO         1502    i.USB_SetDevSpeed   stm32f4xx_ll_usb.o
    0x08008a10   0x08008a10   0x00000004   Code   RO          734    i.USB_Transmit      usb_device.o
    0x08008a14   0x08008a14   0x00000028   Code   RO         1505    i.USB_WritePacket   stm32f4xx_ll_usb.o
    0x08008a3c   0x08008a3c   0x00000002   Code   RO         1104    i.UsageFault_Handler  stm32f4xx_it.o
    0x08008a3e   0x08008a3e   0x00000002   Code   RO          474    i._Error_Handler    main.o
    0x08008a40   0x08008a40   0x0000009c   Code   RO         5135    i._MLPrintLog       log_stm32.o
    0x08008adc   0x08008adc   0x00000024   Code   RO         7257    i.__0vsprintf       mc_w.l(printfa.o)
    0x08008b00   0x08008b00   0x00000030   Code   RO         7375    i.__ARM_fpclassify  m_wm.l(fpclassify.o)
    0x08008b30   0x08008b30   0x00000026   Code   RO         7377    i.__ARM_fpclassifyf  m_wm.l(fpclassifyf.o)
    0x08008b56   0x08008b56   0x00000002   PAD
    0x08008b58   0x08008b58   0x00000358   Code   RO         7017    i.__hardfp_acos     m_wm.l(acos.o)
    0x08008eb0   0x08008eb0   0x00000118   Code   RO         7031    i.__hardfp_acosf    m_wm.l(acosf.o)
    0x08008fc8   0x08008fc8   0x000002d8   Code   RO         7069    i.__hardfp_atan     m_wm.l(atan.o)
    0x080092a0   0x080092a0   0x00000250   Code   RO         7095    i.__hardfp_atan2f   m_wm.l(atan2f.o)
    0x080094f0   0x080094f0   0x000000c8   Code   RO         7113    i.__hardfp_cos      m_wm.l(cos.o)
    0x080095b8   0x080095b8   0x00000150   Code   RO         7125    i.__hardfp_cosf     m_wm.l(cosf.o)
    0x08009708   0x08009708   0x00000014   Code   RO         7137    i.__hardfp_fabs     m_wm.l(fabs.o)
    0x0800971c   0x0800971c   0x00000004   PAD
    0x08009720   0x08009720   0x000000c8   Code   RO         7177    i.__hardfp_sin      m_wm.l(sin.o)
    0x080097e8   0x080097e8   0x00000190   Code   RO         7189    i.__hardfp_sinf     m_wm.l(sinf.o)
    0x08009978   0x08009978   0x0000007a   Code   RO         7201    i.__hardfp_sqrt     m_wm.l(sqrt.o)
    0x080099f2   0x080099f2   0x0000003a   Code   RO         7213    i.__hardfp_sqrtf    m_wm.l(sqrtf.o)
    0x08009a2c   0x08009a2c   0x00000004   PAD
    0x08009a30   0x08009a30   0x00000438   Code   RO         7396    i.__ieee754_rem_pio2  m_wm.l(rred.o)
    0x08009e68   0x08009e68   0x00000170   Code   RO         7358    i.__kernel_cos      m_wm.l(cos_i.o)
    0x08009fd8   0x08009fd8   0x000000f8   Code   RO         7393    i.__kernel_poly     m_wm.l(poly.o)
    0x0800a0d0   0x0800a0d0   0x00000130   Code   RO         7404    i.__kernel_sin      m_wm.l(sin_i.o)
    0x0800a200   0x0800a200   0x00000014   Code   RO         7362    i.__mathlib_dbl_infnan  m_wm.l(dunder.o)
    0x0800a214   0x0800a214   0x00000004   PAD
    0x0800a218   0x0800a218   0x00000020   Code   RO         7364    i.__mathlib_dbl_invalid  m_wm.l(dunder.o)
    0x0800a238   0x0800a238   0x00000020   Code   RO         7367    i.__mathlib_dbl_underflow  m_wm.l(dunder.o)
    0x0800a258   0x0800a258   0x00000006   Code   RO         7380    i.__mathlib_flt_infnan  m_wm.l(funder.o)
    0x0800a25e   0x0800a25e   0x00000006   Code   RO         7381    i.__mathlib_flt_infnan2  m_wm.l(funder.o)
    0x0800a264   0x0800a264   0x00000010   Code   RO         7382    i.__mathlib_flt_invalid  m_wm.l(funder.o)
    0x0800a274   0x0800a274   0x00000010   Code   RO         7385    i.__mathlib_flt_underflow  m_wm.l(funder.o)
    0x0800a284   0x0800a284   0x00000154   Code   RO         7401    i.__mathlib_rredf2  m_wm.l(rredf.o)
    0x0800a3d8   0x0800a3d8   0x00000030   Code   RO         6176    i.__print_result_location  mpl.o
    0x0800a408   0x0800a408   0x0000000e   Code   RO         7468    i.__scatterload_copy  mc_w.l(handlers.o)
    0x0800a416   0x0800a416   0x00000002   Code   RO         7469    i.__scatterload_null  mc_w.l(handlers.o)
    0x0800a418   0x0800a418   0x0000000e   Code   RO         7470    i.__scatterload_zeroinit  mc_w.l(handlers.o)
    0x0800a426   0x0800a426   0x00000002   PAD
    0x0800a428   0x0800a428   0x0000000c   Code   RO         7435    i.__set_errno       mc_w.l(errno.o)
    0x0800a434   0x0800a434   0x00000184   Code   RO         7258    i._fp_digits        mc_w.l(printfa.o)
    0x0800a5b8   0x0800a5b8   0x000006dc   Code   RO         7259    i._printf_core      mc_w.l(printfa.o)
    0x0800ac94   0x0800ac94   0x00000024   Code   RO         7260    i._printf_post_padding  mc_w.l(printfa.o)
    0x0800acb8   0x0800acb8   0x0000002e   Code   RO         7261    i._printf_pre_padding  mc_w.l(printfa.o)
    0x0800ace6   0x0800ace6   0x0000000a   Code   RO         7263    i._sputc            mc_w.l(printfa.o)
    0x0800acf0   0x0800acf0   0x00000010   Code   RO         7033    i.acosf             m_wm.l(acosf.o)
    0x0800ad00   0x0800ad00   0x00000010   Code   RO         7127    i.cosf              m_wm.l(cosf.o)
    0x0800ad10   0x0800ad10   0x00000018   Code   RO         7139    i.fabs              m_wm.l(fabs.o)
    0x0800ad28   0x0800ad28   0x00000050   Code   RO         7278    i.free              mc_w.l(malloc.o)
    0x0800ad78   0x0800ad78   0x0000000c   Code   RO          475    i.get_tick_count    main.o
    0x0800ad84   0x0800ad84   0x0000006a   Code   RO         5251    i.inv_apply_calibration  data_builder.o
    0x0800adee   0x0800adee   0x00000002   PAD
    0x0800adf0   0x0800adf0   0x00000068   Code   RO         5252    i.inv_build_accel   data_builder.o
    0x0800ae58   0x0800ae58   0x00000030   Code   RO         5254    i.inv_build_gyro    data_builder.o
    0x0800ae88   0x0800ae88   0x0000001c   Code   RO         5256    i.inv_build_temp    data_builder.o
    0x0800aea4   0x0800aea4   0x000000ac   Code   RO         5824    i.inv_compass_angle  ml_math_func.o
    0x0800af50   0x0800af50   0x0000005c   Code   RO         5826    i.inv_convert_to_body_with_scale  ml_math_func.o
    0x0800afac   0x0800afac   0x00000034   Code   RO         5258    i.inv_db_load_func  data_builder.o
    0x0800afe0   0x0800afe0   0x00000014   Code   RO         5259    i.inv_db_save_func  data_builder.o
    0x0800aff4   0x0800aff4   0x00000010   Code   RO         5260    i.inv_disable_compass_soft_iron_matrix  data_builder.o
    0x0800b004   0x0800b004   0x0000001c   Code   RO         5169    i.inv_enable_eMPL_outputs  empl_outputs.o
    0x0800b020   0x0800b020   0x0000001c   Code   RO         6211    i.inv_enable_results_holder  results_holder.o
    0x0800b03c   0x0800b03c   0x00000028   Code   RO         6446    i.inv_execute_mpl_start_notification  start_manager.o
    0x0800b064   0x0800b064   0x00000080   Code   RO         5262    i.inv_execute_on_data  data_builder.o
    0x0800b0e4   0x0800b0e4   0x000000ac   Code   RO         5170    i.inv_generate_eMPL_outputs  empl_outputs.o
    0x0800b190   0x0800b190   0x00000010   Code   RO         6212    i.inv_generate_results  results_holder.o
    0x0800b1a0   0x0800b1a0   0x0000001c   Code   RO         6213    i.inv_get_6axis_quaternion  results_holder.o
    0x0800b1bc   0x0800b1bc   0x0000000c   Code   RO         6214    i.inv_get_acc_state  results_holder.o
    0x0800b1c8   0x0800b1c8   0x0000000c   Code   RO         5263    i.inv_get_accel_accuracy  data_builder.o
    0x0800b1d4   0x0800b1d4   0x00000010   Code   RO         5265    i.inv_get_accel_on  data_builder.o
    0x0800b1e4   0x0800b1e4   0x00000030   Code   RO         5269    i.inv_get_accel_set  data_builder.o
    0x0800b214   0x0800b214   0x00000018   Code   RO         6218    i.inv_get_compass_correction  results_holder.o
    0x0800b22c   0x0800b22c   0x00000010   Code   RO         5272    i.inv_get_compass_on  data_builder.o
    0x0800b23c   0x0800b23c   0x00000054   Code   RO         6220    i.inv_get_gravity   results_holder.o
    0x0800b290   0x0800b290   0x00000014   Code   RO         5280    i.inv_get_gyro      data_builder.o
    0x0800b2a4   0x0800b2a4   0x0000000c   Code   RO         5281    i.inv_get_gyro_accuracy  data_builder.o
    0x0800b2b0   0x0800b2b0   0x0000002c   Code   RO         5282    i.inv_get_gyro_bias  data_builder.o
    0x0800b2dc   0x0800b2dc   0x0000001c   Code   RO         5283    i.inv_get_gyro_bias_tc_set  data_builder.o
    0x0800b2f8   0x0800b2f8   0x00000010   Code   RO         5284    i.inv_get_gyro_on   data_builder.o
    0x0800b308   0x0800b308   0x00000018   Code   RO         5830    i.inv_get_gyro_sum_of_sqr  ml_math_func.o
    0x0800b320   0x0800b320   0x00000048   Code   RO         5290    i.inv_get_last_timestamp  data_builder.o
    0x0800b368   0x0800b368   0x0000003e   Code   RO         6224    i.inv_get_linear_accel  results_holder.o
    0x0800b3a6   0x0800b3a6   0x00000002   PAD
    0x0800b3a8   0x0800b3a8   0x00000014   Code   RO         6226    i.inv_get_local_field  results_holder.o
    0x0800b3bc   0x0800b3bc   0x00000020   Code   RO         5291    i.inv_get_mag_accuracy  data_builder.o
    0x0800b3dc   0x0800b3dc   0x00000010   Code   RO         6228    i.inv_get_motion_state  results_holder.o
    0x0800b3ec   0x0800b3ec   0x00000030   Code   RO         6229    i.inv_get_quaternion  results_holder.o
    0x0800b41c   0x0800b41c   0x00000040   Code   RO         6231    i.inv_get_quaternion_set  results_holder.o
    0x0800b45c   0x0800b45c   0x000001dc   Code   RO         5173    i.inv_get_sensor_type_euler  empl_outputs.o
    0x0800b638   0x0800b638   0x0000000c   Code   RO         6233    i.inv_got_compass_bias  results_holder.o
    0x0800b644   0x0800b644   0x0000003c   Code   RO         5294    i.inv_init_data_builder  data_builder.o
    0x0800b680   0x0800b680   0x00000014   Code   RO         5178    i.inv_init_eMPL_outputs  empl_outputs.o
    0x0800b694   0x0800b694   0x00000080   Code   RO         6178    i.inv_init_mpl      mpl.o
    0x0800b714   0x0800b714   0x00000030   Code   RO         6234    i.inv_init_results_holder  results_holder.o
    0x0800b744   0x0800b744   0x00000014   Code   RO         6447    i.inv_init_start_manager  start_manager.o
    0x0800b758   0x0800b758   0x00000018   Code   RO         6480    i.inv_init_storage_manager  storage_manager.o
    0x0800b770   0x0800b770   0x00000024   Code   RO         5839    i.inv_orientation_matrix_to_scalar  ml_math_func.o
    0x0800b794   0x0800b794   0x0000000c   Code   RO         5840    i.inv_q29_mult      ml_math_func.o
    0x0800b7a0   0x0800b7a0   0x0000000c   Code   RO         5842    i.inv_q30_mult      ml_math_func.o
    0x0800b7ac   0x0800b7ac   0x00000024   Code   RO         5844    i.inv_q_add         ml_math_func.o
    0x0800b7d0   0x0800b7d0   0x00000042   Code   RO         5845    i.inv_q_addf        ml_math_func.o
    0x0800b812   0x0800b812   0x00000018   Code   RO         5846    i.inv_q_invert      ml_math_func.o
    0x0800b82a   0x0800b82a   0x0000002e   Code   RO         5847    i.inv_q_invertf     ml_math_func.o
    0x0800b858   0x0800b858   0x000000b0   Code   RO         5848    i.inv_q_mult        ml_math_func.o
    0x0800b908   0x0800b908   0x000000d2   Code   RO         5849    i.inv_q_multf       ml_math_func.o
    0x0800b9da   0x0800b9da   0x00000002   PAD
    0x0800b9dc   0x0800b9dc   0x00000084   Code   RO         5850    i.inv_q_norm4       ml_math_func.o
    0x0800ba60   0x0800ba60   0x000000b4   Code   RO         5852    i.inv_q_normalizef  ml_math_func.o
    0x0800bb14   0x0800bb14   0x0000003e   Code   RO         5853    i.inv_q_rotate      ml_math_func.o
    0x0800bb52   0x0800bb52   0x000000da   Code   RO         5855    i.inv_quaternion_to_rotation  ml_math_func.o
    0x0800bc2c   0x0800bc2c   0x000000b0   Code   RO         5297    i.inv_register_data_cb  data_builder.o
    0x0800bcdc   0x0800bcdc   0x0000006c   Code   RO         6482    i.inv_register_load_store  storage_manager.o
    0x0800bd48   0x0800bd48   0x00000020   Code   RO         6448    i.inv_register_mpl_start_notification  start_manager.o
    0x0800bd68   0x0800bd68   0x00000050   Code   RO         5298    i.inv_reset_compass_soft_iron_matrix  data_builder.o
    0x0800bdb8   0x0800bdb8   0x00000048   Code   RO         5857    i.inv_row_2_scale   ml_math_func.o
    0x0800be00   0x0800be00   0x00000010   Code   RO         5303    i.inv_set_accel_orientation_and_scale  data_builder.o
    0x0800be10   0x0800be10   0x0000002c   Code   RO         5304    i.inv_set_accel_sample_rate  data_builder.o
    0x0800be3c   0x0800be3c   0x0000000c   Code   RO         6239    i.inv_set_compass_bias_found  results_holder.o
    0x0800be48   0x0800be48   0x00000024   Code   RO         6240    i.inv_set_compass_correction  results_holder.o
    0x0800be6c   0x0800be6c   0x0000000c   Code   RO         5307    i.inv_set_compass_disturbance  data_builder.o
    0x0800be78   0x0800be78   0x00000094   Code   RO         5313    i.inv_set_contiguous  data_builder.o
    0x0800bf0c   0x0800bf0c   0x00000060   Code   RO         5315    i.inv_set_gyro_bias  data_builder.o
    0x0800bf6c   0x0800bf6c   0x00000010   Code   RO         5316    i.inv_set_gyro_orientation_and_scale  data_builder.o
    0x0800bf7c   0x0800bf7c   0x00000028   Code   RO         5317    i.inv_set_gyro_sample_rate  data_builder.o
    0x0800bfa4   0x0800bfa4   0x00000014   Code   RO         5799    i.inv_set_message   message_layer.o
    0x0800bfb8   0x0800bfb8   0x00000038   Code   RO         6246    i.inv_set_motion_state  results_holder.o
    0x0800bff0   0x0800bff0   0x00000010   Code   RO         5179    i.inv_start_eMPL_outputs  empl_outputs.o
    0x0800c000   0x0800c000   0x00000044   Code   RO         6179    i.inv_start_mpl     mpl.o
    0x0800c044   0x0800c044   0x00000018   Code   RO         6247    i.inv_start_results_holder  results_holder.o
    0x0800c05c   0x0800c05c   0x00000024   Code   RO         6248    i.inv_store_gaming_quaternion  results_holder.o
    0x0800c080   0x0800c080   0x0000005c   Code   RO         5320    i.inv_unregister_data_cb  data_builder.o
    0x0800c0dc   0x0800c0dc   0x0000004c   Code   RO         6449    i.inv_unregister_mpl_start_notification  start_manager.o
    0x0800c128   0x0800c128   0x00000100   Code   RO          476    i.main              main.o
    0x0800c228   0x0800c228   0x0000006c   Code   RO         7279    i.malloc            mc_w.l(malloc.o)
    0x0800c294   0x0800c294   0x00000004   Code   RO          477    i.mdelay            main.o
    0x0800c298   0x0800c298   0x00000140   Code   RO          335    i.module_mpu_init   mpu_module.o
    0x0800c3d8   0x0800c3d8   0x00000060   Code   RO         6528    i.mpu_configure_fifo  inv_mpu.o
    0x0800c438   0x0800c438   0x00000044   Code   RO         6529    i.mpu_get_accel_fsr  inv_mpu.o
    0x0800c47c   0x0800c47c   0x00000040   Code   RO         6537    i.mpu_get_gyro_fsr  inv_mpu.o
    0x0800c4bc   0x0800c4bc   0x0000001c   Code   RO         6543    i.mpu_get_sample_rate  inv_mpu.o
    0x0800c4d8   0x0800c4d8   0x00000094   Code   RO         6544    i.mpu_get_temperature  inv_mpu.o
    0x0800c56c   0x0800c56c   0x000000d4   Code   RO         6545    i.mpu_init          inv_mpu.o
    0x0800c640   0x0800c640   0x000000d0   Code   RO         6547    i.mpu_lp_accel_mode  inv_mpu.o
    0x0800c710   0x0800c710   0x000000d0   Code   RO          336    i.mpu_module_sampling  mpu_module.o
    0x0800c7e0   0x0800c7e0   0x00000010   Code   RO          337    i.mpu_read_euler    mpu_module.o
    0x0800c7f0   0x0800c7f0   0x000001a4   Code   RO         6552    i.mpu_read_fifo     inv_mpu.o
    0x0800c994   0x0800c994   0x0000016c   Code   RO         6557    i.mpu_reset_fifo    inv_mpu.o
    0x0800cb00   0x0800cb00   0x00000074   Code   RO         6561    i.mpu_set_accel_fsr  inv_mpu.o
    0x0800cb74   0x0800cb74   0x00000118   Code   RO         6562    i.mpu_set_bypass    inv_mpu.o
    0x0800cc8c   0x0800cc8c   0x00000078   Code   RO         6566    i.mpu_set_gyro_fsr  inv_mpu.o
    0x0800cd04   0x0800cd04   0x00000060   Code   RO         6567    i.mpu_set_int_latched  inv_mpu.o
    0x0800cd64   0x0800cd64   0x0000007c   Code   RO         6569    i.mpu_set_lpf       inv_mpu.o
    0x0800cde0   0x0800cde0   0x00000084   Code   RO         6570    i.mpu_set_sample_rate  inv_mpu.o
    0x0800ce64   0x0800ce64   0x000000b0   Code   RO         6571    i.mpu_set_sensors   inv_mpu.o
    0x0800cf14   0x0800cf14   0x00000074   Code   RO         6573    i.set_int_enable    inv_mpu.o
    0x0800cf88   0x0800cf88   0x00000006   Code   RO         5321    i.set_sensor_orientation_and_scale  data_builder.o
    0x0800cf8e   0x0800cf8e   0x00000010   Code   RO         7191    i.sinf              m_wm.l(sinf.o)
    0x0800cf9e   0x0800cf9e   0x0000006e   Code   RO         7203    i.sqrt              m_wm.l(sqrt.o)
    0x0800d00c   0x0800d00c   0x0000003e   Code   RO         7215    i.sqrtf             m_wm.l(sqrtf.o)
    0x0800d04a   0x0800d04a   0x00000024   Code   RO          735    i.usbprint          usb_device.o
    0x0800d06e   0x0800d06e   0x00000010   Data   RO         4503    .constdata          system_stm32f4xx.o
    0x0800d07e   0x0800d07e   0x00000008   Data   RO         4504    .constdata          system_stm32f4xx.o
    0x0800d086   0x0800d086   0x0000002f   Data   RO         6180    .constdata          mpl.o
    0x0800d0b5   0x0800d0b5   0x0000001e   Data   RO         6574    .constdata          inv_mpu.o
    0x0800d0d3   0x0800d0d3   0x00000001   PAD
    0x0800d0d4   0x0800d0d4   0x0000000c   Data   RO         6575    .constdata          inv_mpu.o
    0x0800d0e0   0x0800d0e0   0x00000028   Data   RO         6576    .constdata          inv_mpu.o
    0x0800d108   0x0800d108   0x00000050   Data   RO         7020    .constdata          m_wm.l(acos.o)
    0x0800d158   0x0800d158   0x00000098   Data   RO         7072    .constdata          m_wm.l(atan.o)
    0x0800d1f0   0x0800d1f0   0x00000030   Data   RO         7359    .constdata          m_wm.l(cos_i.o)
    0x0800d220   0x0800d220   0x000000c8   Data   RO         7398    .constdata          m_wm.l(rred.o)
    0x0800d2e8   0x0800d2e8   0x00000020   Data   RO         7402    .constdata          m_wm.l(rredf.o)
    0x0800d308   0x0800d308   0x00000028   Data   RO         7405    .constdata          m_wm.l(sin_i.o)
    0x0800d330   0x0800d330   0x00000040   Data   RO         7464    .constdata          mc_w.l(ctype_c.o)
    0x0800d370   0x0800d370   0x00000009   Data   RO          339    .conststring        mpu_module.o
    0x0800d379   0x0800d379   0x00000003   PAD
    0x0800d37c   0x0800d37c   0x00000044   Data   RO         5323    .conststring        data_builder.o
    0x0800d3c0   0x0800d3c0   0x00000020   Data   RO         7466    Region$$Table       anon$$obj.o


    Execution Region RW_IRAM1 (Exec base: 0x20000000, Load base: 0x0800d3e0, Size: 0x000034e8, Max: 0x00020000, ABSOLUTE, COMPRESSED[0x000000dc])

    Exec Addr    Load Addr    Size         Type   Attr      Idx    E Section Name        Object

    0x20000000   COMPRESSED   0x00000010   Data   RW           16    .data               remotetask.o
    0x20000010   COMPRESSED   0x00000018   Data   RW          190    .data               control_task.o
    0x20000028   COMPRESSED   0x00000060   Data   RW          289    .data               leg.o
    0x20000088   COMPRESSED   0x0000000d   Data   RW          340    .data               mpu_module.o
    0x20000095   COMPRESSED   0x00000003   PAD
    0x20000098   COMPRESSED   0x00000004   Data   RW          341    .data               mpu_module.o
    0x2000009c   COMPRESSED   0x00000001   Data   RW          689    .data               usart.o
    0x2000009d   COMPRESSED   0x00000003   PAD
    0x200000a0   COMPRESSED   0x0000001c   Data   RW          980    .data               usbd_desc.o
    0x200000bc   COMPRESSED   0x00000016   Data   RW          981    .data               usbd_desc.o
    0x200000d2   COMPRESSED   0x00000002   PAD
    0x200000d4   COMPRESSED   0x00000010   Data   RW         1046    .data               usbd_cdc_if.o
    0x200000e4   COMPRESSED   0x00000008   Data   RW         1047    .data               usbd_cdc_if.o
    0x200000ec   COMPRESSED   0x0000000c   Data   RW         4355    .data               stm32f4xx_hal.o
    0x200000f8   COMPRESSED   0x00000004   Data   RW         4505    .data               system_stm32f4xx.o
    0x200000fc   COMPRESSED   0x00000001   Data   RW         4691    .data               usbd_ctlreq.o
    0x200000fd   COMPRESSED   0x00000003   PAD
    0x20000100   COMPRESSED   0x000000db   Data   RW         4847    .data               usbd_cdc.o
    0x200001db   COMPRESSED   0x00000001   PAD
    0x200001dc   COMPRESSED   0x00000038   Data   RW         4848    .data               usbd_cdc.o
    0x20000214   COMPRESSED   0x00000004   Data   RW         5800    .data               message_layer.o
    0x20000218   COMPRESSED   0x0000002c   Data   RW         6577    .data               inv_mpu.o
    0x20000244   COMPRESSED   0x00000004   Data   RW         7431    .data               mc_w.l(mvars.o)
    0x20000248   COMPRESSED   0x00000004   Data   RW         7432    .data               mc_w.l(mvars.o)
    0x2000024c   COMPRESSED   0x00000004   Data   RW         7436    .data               mc_w.l(errno.o)
    0x20000250        -       0x0000002b   Zero   RW           14    .bss                remotetask.o
    0x2000027b   COMPRESSED   0x00000005   PAD
    0x20000280        -       0x00000070   Zero   RW          160    .bss                pid.o
    0x200002f0        -       0x00000014   Zero   RW          189    .bss                control_task.o
    0x20000304   COMPRESSED   0x00000004   PAD
    0x20000308        -       0x00000040   Zero   RW          288    .bss                leg.o
    0x20000348        -       0x00000010   Zero   RW          338    .bss                mpu_module.o
    0x20000358        -       0x00000054   Zero   RW          563    .bss                i2c.o
    0x200003ac        -       0x000000b4   Zero   RW          620    .bss                tim.o
    0x20000460        -       0x00000040   Zero   RW          688    .bss                usart.o
    0x200004a0        -       0x00000224   Zero   RW          736    .bss                usb_device.o
    0x200006c4        -       0x000003f0   Zero   RW          811    .bss                usbd_conf.o
    0x20000ab4        -       0x00000200   Zero   RW          979    .bss                usbd_desc.o
    0x20000cb4        -       0x00001000   Zero   RW         1045    .bss                usbd_cdc_if.o
    0x20001cb4        -       0x00000028   Zero   RW         5181    .bss                empl_outputs.o
    0x20001cdc        -       0x000002d8   Zero   RW         5322    .bss                data_builder.o
    0x20001fb4        -       0x00000088   Zero   RW         6249    .bss                results_holder.o
    0x2000203c        -       0x00000054   Zero   RW         6450    .bss                start_manager.o
    0x20002090        -       0x00000198   Zero   RW         6484    .bss                storage_manager.o
    0x20002228        -       0x000002a0   Zero   RW         6841    .bss                libmpllib.lib(fast_no_motion.o)
    0x200024c8        -       0x00000138   Zero   RW         6932    .bss                libmpllib.lib(fusion_9axis.o)
    0x20002600        -       0x000001c4   Zero   RW         6957    .bss                libmpllib.lib(gyro_tc.o)
    0x200027c4        -       0x0000006c   Zero   RW         6978    .bss                libmpllib.lib(quaternion_supervisor.o)
    0x20002830        -       0x000000b8   Zero   RW         6996    .bss                libmpllib.lib(mag_disturb.o)
    0x200028e8        -       0x00000400   Zero   RW            2    HEAP                startup_stm32f407xx.o
    0x20002ce8        -       0x00000800   Zero   RW            1    STACK               startup_stm32f407xx.o


==============================================================================

Image component sizes


      Code (inc. data)   RO Data    RW Data    ZI Data      Debug   Object Name

      1576        248          0         24         20      10474   control_task.o
      1604        206         68          0        728      21458   data_builder.o
       712         58          0          0         40       4838   empl_outputs.o
        92          6          0          0          0        931   gpio.o
       228         50          0          0         84       3180   i2c.o
      2768         92         82         44          0      19110   inv_mpu.o
      1244        124          0         96         64       5149   leg.o
       156         10          0          0          0       1110   log_stm32.o
       458         86          0          0          0       3695   main.o
        20          4          0          4          0       1274   message_layer.o
      1570         22          0          0          0      13560   ml_math_func.o
       244         94         47          0          0       5420   mpl.o
       544        156          9         17         16      10723   mpu_module.o
         0          0          0          0        112        876   pid.o
       176          8          0         16         43     696065   remotetask.o
       626         88          0          0        136      12746   results_holder.o
       168         20          0          0         84       3540   start_manager.o
        36          8        392          0       3072        860   startup_stm32f407xx.o
       184         28          0         12          0       4777   stm32f4xx_hal.o
       232         14          0          0          0      32485   stm32f4xx_hal_cortex.o
        36          0          0          0          0       1191   stm32f4xx_hal_dma.o
       452         46          0          0          0       1884   stm32f4xx_hal_gpio.o
      2378         44          0          0          0      13026   stm32f4xx_hal_i2c.o
       132          6          0          0          0        958   stm32f4xx_hal_msp.o
      2170         72          0          0          0      11653   stm32f4xx_hal_pcd.o
        74          0          0          0          0       1932   stm32f4xx_hal_pcd_ex.o
      1416         68          0          0          0       6396   stm32f4xx_hal_rcc.o
      1394         88          0          0          0      12422   stm32f4xx_hal_tim.o
       174          0          0          0          0       3370   stm32f4xx_hal_tim_ex.o
      1602         12          0          0          0       8817   stm32f4xx_hal_uart.o
        94         24          0          0          0       6989   stm32f4xx_it.o
      2486         60          0          0          0      21766   stm32f4xx_ll_usb.o
       132          8          0          0        408       2589   storage_manager.o
        84         18         24          4          0       1243   system_stm32f4xx.o
       732        114          0          0        180       4432   tim.o
       232         58          0          1         64       2410   usart.o
        96         18          0          0        548       1966   usb_device.o
       640         22          0        275          0      13754   usbd_cdc.o
       180         48          0         24       4096       3683   usbd_cdc_if.o
       804         36          0          0       1008      15394   usbd_conf.o
       654          0          0          0          0      13329   usbd_core.o
      1340         30          0          1          0      11764   usbd_ctlreq.o
       276        116          0         50        512       5667   usbd_desc.o
       132          0          0          0          0       4716   usbd_ioreq.o

    ----------------------------------------------------------------------
     30382       2210        658        580      11224    1023622   Object Totals
         0          0         32          0          0          0   (incl. Generated)
        34          0          4         12          9          0   (incl. Padding)

    ----------------------------------------------------------------------

      Code (inc. data)   RO Data    RW Data    ZI Data      Debug   Library Member Name

      2548         42          0          0        672      19752   fast_no_motion.o
      1628         54          0          0        312       5308   fusion_9axis.o
      1212         30          0          0        452       5515   gyro_tc.o
      1360         46          0          0        184       7270   mag_disturb.o
      2368        102          0          0        108       5409   quaternion_supervisor.o
       856        118         80          0          0        288   acos.o
       296         46          0          0          0        300   acosf.o
       728        106        152          0          0        228   atan.o
       592         90          0          0          0        184   atan2f.o
       200         20          0          0          0        164   cos.o
       368         46         48          0          0        200   cos_i.o
       352         56          0          0          0        260   cosf.o
        84         16          0          0          0        372   dunder.o
        44          0          0          0          0        248   fabs.o
        48          0          0          0          0        124   fpclassify.o
        38          0          0          0          0        116   fpclassifyf.o
        44         12          0          0          0        464   funder.o
       248          0          0          0          0        152   poly.o
      1080        142        200          0          0        188   rred.o
       340         24         32          0          0        160   rredf.o
       200         20          0          0          0        164   sin.o
       304         24         40          0          0        208   sin_i.o
       416         56          0          0          0        336   sinf.o
       232          0          0          0          0        296   sqrt.o
       120          0          0          0          0        272   sqrtf.o
        56          8          0          0          0         84   __0sscanf.o
        86          0          0          0          0          0   __dczerorl2.o
        28          0          0          0          0         68   _chval.o
       812          4          0          0          0        112   _scanf.o
       332          0          0          0          0         96   _scanf_int.o
        64          0          0          0          0         84   _sgetc.o
        40          6         64          0          0         68   ctype_c.o
         0          0          0          0          0          0   entry.o
         0          0          0          0          0          0   entry10a.o
         0          0          0          0          0          0   entry11a.o
         8          4          0          0          0          0   entry2.o
         4          0          0          0          0          0   entry5.o
         0          0          0          0          0          0   entry7b.o
         0          0          0          0          0          0   entry8b.o
         8          4          0          0          0          0   entry9a.o
        12          6          0          4          0         68   errno.o
        30          0          0          0          0          0   handlers.o
        36          8          0          0          0         68   init.o
        10          0          0          0          0         68   isspace_c.o
         0          0          0          0          0          0   iusefp.o
        98          0          0          0          0         84   ldiv.o
        30          0          0          0          0         68   llshl.o
        36          0          0          0          0         68   llsshr.o
        32          0          0          0          0         68   llushr.o
       188         20          0          0          0        160   malloc.o
        26          0          0          0          0         80   memcmp.o
        64          0          0          0          0         76   memmovea.o
        36          0          0          0          0        108   memseta.o
         0          0          0          8          0          0   mvars.o
      2272         86          0          0          0        516   printfa.o
        40          8          0          0          0         84   scanf_char.o
        14          0          0          0          0         68   strlen.o
        44          0          0          0          0         80   uidiv.o
        98          0          0          0          0         92   uldiv.o
        48          0          0          0          0         68   cdcmple.o
        48          0          0          0          0         68   cdrcmple.o
        20          0          0          0          0         68   cfcmple.o
        20          0          0          0          0         68   cfrcmple.o
        56          0          0          0          0         88   d2f.o
       334          0          0          0          0        148   dadd.o
       222          0          0          0          0        100   ddiv.o
       186          0          0          0          0        176   depilogue.o
        62          0          0          0          0         80   dfixi.o
        50          0          0          0          0         76   dfixui.o
        48          0          0          0          0         68   dfixul.o
        34          0          0          0          0         76   dflti.o
        26          0          0          0          0         76   dfltui.o
       228          0          0          0          0         96   dmul.o
        46          0          0          0          0         80   dscalb.o
       162          0          0          0          0        100   dsqrt.o
        38          0          0          0          0         68   f2d.o
       176          0          0          0          0        140   fadd.o
       124          0          0          0          0         88   fdiv.o
       110          0          0          0          0        168   fepilogue.o
        50          0          0          0          0         68   ffixi.o
        66          0          0          0          0         76   ffixl.o
        18          0          0          0          0         68   fflti.o
        44          0          0          0          0         92   ffltl.o
        10          0          0          0          0         68   ffltui.o
       100          0          0          0          0         76   fmul.o
        24          0          0          0          0         68   fscalb.o

    ----------------------------------------------------------------------
     22584       1204        616         12       1728      52662   Library Totals
        24          0          0          0          0          0   (incl. Padding)

    ----------------------------------------------------------------------

      Code (inc. data)   RO Data    RW Data    ZI Data      Debug   Library Name

      9116        274          0          0       1728      43254   libmpllib.lib
      6590        776        552          0          0       4724   m_wm.l
      4504        154         64         12          0       2268   mc_w.l
      2350          0          0          0          0       2416   mf_w.l

    ----------------------------------------------------------------------
     22584       1204        616         12       1728      52662   Library Totals

    ----------------------------------------------------------------------

==============================================================================


      Code (inc. data)   RO Data    RW Data    ZI Data      Debug   

     52966       3414       1274        592      12952    1036984   Grand Totals
     52966       3414       1274        220      12952    1036984   ELF Image Totals (compressed)
     52966       3414       1274        220          0          0   ROM Totals

==============================================================================

    Total RO  Size (Code + RO Data)                54240 (  52.97kB)
    Total RW  Size (RW Data + ZI Data)             13544 (  13.23kB)
    Total ROM Size (Code + RO Data + RW Data)      54460 (  53.18kB)

==============================================================================

