<html>
<body>
<pre>
<h1>µVision Build Log</h1>
<h2>Tool Versions:</h2>
IDE-Version: ¦ÌVision V5.24.2.0
Copyright (C) 2017 ARM Ltd and ARM Germany GmbH. All rights reserved.
License Information: Yan Shuang, BIT, LIC=Y2BRA-1B7A7-15JTV-P84N3-6YJSS-SGVY9
 
Tool Versions:
Toolchain:       MDK-ARM Professional  Version: 5.24.1
Toolchain Path:  E:\Keil_v5\ARM\ARMCC\Bin
C Compiler:      Armcc.exe V5.06 update 5 (build 528)
Assembler:       Armasm.exe V5.06 update 5 (build 528)
Linker/Locator:  ArmLink.exe V5.06 update 5 (build 528)
Library Manager: ArmAr.exe V5.06 update 5 (build 528)
Hex Converter:   FromElf.exe V5.06 update 5 (build 528)
CPU DLL:         SARMCM3.DLL V5.24.1
Dialog DLL:      DCM.DLL V1.16.0.0
Target DLL:      Segger\JL2CM3.dll V2.87.0.0
Dialog DLL:      TCM.DLL V1.32.0.0
 
<h2>Project:</h2>
F:\Little Doggy Run!!!!\´úÂë\Little-Doggy-Run\Little-Doggy-Run\MDK-ARM\Little-Doggy-Run.uvprojx
Project File Date:  04/19/2019

<h2>Output:</h2>
*** Using Compiler 'V5.06 update 5 (build 528)', folder: 'E:\Keil_v5\ARM\ARMCC\Bin'
Build target 'Little-Doggy-Run'
compiling mpu_module.c...
..\MPL_core\driver\include\stdint_invensense.h(44): warning:  #1-D: last line of file ends without a newline
  #endif // STDINT_INVENSENSE_H
..\MPL_core\driver\include\mltypes.h(262): warning:  #1-D: last line of file ends without a newline
  #endif				/* MLTYPES_H */
..\MPL_core\mllite\data_builder.h(259): warning:  #1-D: last line of file ends without a newline
  #endif  /* INV_DATA_BUILDER_H__ */
..\MPL_core\mllite\hal_outputs.h(45): warning:  #1-D: last line of file ends without a newline
  #endif                          // INV_HAL_OUTPUTS_H__
..\MPL_core\driver\include\mlmath.h(95): warning:  #1-D: last line of file ends without a newline
  #endif /* !_ML_MATH_H_ */
..\MPL_core\mllite\ml_math_func.h(132): warning:  #1-D: last line of file ends without a newline
  #endif // INVENSENSE_INV_MATH_FUNC_H__
..\MPL_core\mllite\mpl.h(24): warning:  #1-D: last line of file ends without a newline
  #endif // INV_MPL_H__
..\MPL_core\mllite\results_holder.h(81): warning:  #1-D: last line of file ends without a newline
  #endif // INV_RESULTS_HOLDER_H__
..\MPL_core\mllite\start_manager.h(27): warning:  #1-D: last line of file ends without a newline
  #endif  // INV_START_MANAGER_H__
..\MPL_core\mllite\storage_manager.h(30): warning:  #1-D: last line of file ends without a newline
  #endif  /* INV_STORAGE_MANAGER_H__ */
..\MPL_core\driver\include\log.h(372): warning:  #1-D: last line of file ends without a newline
  #endif				/* _LIBS_CUTILS_MPL_LOG_H */
..\MPL_core\driver\include\mlinclude.h(38): warning:  #1-D: last line of file ends without a newline
  #endif //INV_INCLUDE_H__
..\MPL_core\mllite\invensense.h(28): warning:  #1-D: last line of file ends without a newline
  //#include "..\HAL\include\mlos.h"
..\MPL_core\mpl\fusion_9axis.h(38): warning:  #1-D: last line of file ends without a newline
  #endif // MLDMP_FUSION9AXIS_H__
..\MPL_core\mpl\heading_from_gyro.h(33): warning:  #1-D: last line of file ends without a newline
  #endif  /* _HEADING_FROM_GYRO_H_ */
..\MPL_core\mpl\mag_disturb.h(37): warning:  #1-D: last line of file ends without a newline
  #endif // MLDMP_MAGDISTURB_H__
..\MPL_core\mpl\motion_no_motion.h(28): warning:  #1-D: last line of file ends without a newline
  #endif // INV_MOTION_NO_MOTION_H__
..\MPL_core\mpl\no_gyro_fusion.h(34): warning:  #1-D: last line of file ends without a newline
  #endif // MLDMP_NOGYROFUSION_H__
..\MPL_core\mpl\quaternion_supervisor.h(27): warning:  #1-D: last line of file ends without a newline
  #endif // INV_QUATERNION_SUPERVISOR_H__
..\MPL_core\mpl\invensense_adv.h(27): warning:  #1-D: last line of file ends without a newline
  #include "mag_disturb.h"
..\MPL_core\eMPL-hal\eMPL_outputs.h(44): warning:  #1-D: last line of file ends without a newline
   */
..\MPL_core\driver\include\mpu.h(380): warning:  #1-D: last line of file ends without a newline
  #endif				/* __MPU_H_ */
..\Drivers\Devices\mpu_module.h(30): warning:  #1-D: last line of file ends without a newline
  #endif
..\Drivers\Devices\mpu_module.c: 23 warnings, 0 errors
compiling RemoteTask.c...
..\Src\RemoteTask.c(11): warning:  #1295-D: Deprecated declaration Get_Time_Micros - give arg types
  extern uint32_t Get_Time_Micros();
..\Src\RemoteTask.c(30): warning:  #223-D: function "abs" declared implicitly
  	if(abs((int32_t)time_tick_1ms - (int32_t)last_time_tick_1ms) > 1)
..\Src\RemoteTask.c(71): warning:  #1-D: last line of file ends without a newline
  }
..\Src\RemoteTask.c: 3 warnings, 0 errors
compiling leg.c...
compiling control_task.c...
..\Src\control_task.c(108): warning:  #39-D: division by zero
  		y = 
H*sin(phase/(11/12));
..\Src\control_task.c(132): warning:  #188-D: enumerated type mixed with another type
  	Set_Feet_Pos(in->index,x, y);
..\Src\control_task.c(133): warning:  #1-D: last line of file ends without a newline
  }
..\Src\control_task.c: 3 warnings, 0 errors
compiling main.c...
..\Drivers\Devices\mpu_module.h(30): warning:  #1-D: last line of file ends without a newline
  #endif
../Src/main.c: 1 warning, 0 errors
compiling usb_device.c...
compiling stm32f4xx_it.c...
compiling usart.c...
compiling eMPL_outputs.c...
..\MPL_core\driver\include\stdint_invensense.h(44): warning:  #1-D: last line of file ends without a newline
  #endif // STDINT_INVENSENSE_H
..\MPL_core\driver\include\mltypes.h(262): warning:  #1-D: last line of file ends without a newline
  #endif				/* MLTYPES_H */
..\MPL_core\eMPL-hal\eMPL_outputs.h(44): warning:  #1-D: last line of file ends without a newline
   */
..\MPL_core\mllite\ml_math_func.h(132): warning:  #1-D: last line of file ends without a newline
  #endif // INVENSENSE_INV_MATH_FUNC_H__
..\MPL_core\driver\include\mlmath.h(95): warning:  #1-D: last line of file ends without a newline
  #endif /* !_ML_MATH_H_ */
..\MPL_core\mllite\start_manager.h(27): warning:  #1-D: last line of file ends without a newline
  #endif  // INV_START_MANAGER_H__
..\MPL_core\mllite\data_builder.h(259): warning:  #1-D: last line of file ends without a newline
  #endif  /* INV_DATA_BUILDER_H__ */
..\MPL_core\mllite\results_holder.h(81): warning:  #1-D: last line of file ends without a newline
  #endif // INV_RESULTS_HOLDER_H__
..\MPL_core\eMPL-hal\eMPL_outputs.c(322): warning:  #1-D: last line of file ends without a newline
   */
..\MPL_core\eMPL-hal\eMPL_outputs.c: 9 warnings, 0 errors
compiling hal_outputs.c...
..\MPL_core\driver\include\stdint_invensense.h(44): warning:  #1-D: last line of file ends without a newline
  #endif // STDINT_INVENSENSE_H
..\MPL_core\driver\include\mltypes.h(262): warning:  #1-D: last line of file ends without a newline
  #endif				/* MLTYPES_H */
..\MPL_core\mllite\hal_outputs.h(45): warning:  #1-D: last line of file ends without a newline
  #endif                          // INV_HAL_OUTPUTS_H__
..\MPL_core\driver\include\log.h(372): warning:  #1-D: last line of file ends without a newline
  #endif				/* _LIBS_CUTILS_MPL_LOG_H */
..\MPL_core\mllite\ml_math_func.h(132): warning:  #1-D: last line of file ends without a newline
  #endif // INVENSENSE_INV_MATH_FUNC_H__
..\MPL_core\driver\include\mlmath.h(95): warning:  #1-D: last line of file ends without a newline
  #endif /* !_ML_MATH_H_ */
..\MPL_core\mllite\start_manager.h(27): warning:  #1-D: last line of file ends without a newline
  #endif  // INV_START_MANAGER_H__
..\MPL_core\mllite\data_builder.h(259): warning:  #1-D: last line of file ends without a newline
  #endif  /* INV_DATA_BUILDER_H__ */
..\MPL_core\mllite\results_holder.h(81): warning:  #1-D: last line of file ends without a newline
  #endif // INV_RESULTS_HOLDER_H__
..\MPL_core\mllite\hal_outputs.c: 9 warnings, 0 errors
compiling data_builder.c...
..\MPL_core\driver\include\stdint_invensense.h(44): warning:  #1-D: last line of file ends without a newline
  #endif // STDINT_INVENSENSE_H
..\MPL_core\driver\include\mltypes.h(262): warning:  #1-D: last line of file ends without a newline
  #endif				/* MLTYPES_H */
..\MPL_core\mllite\ml_math_func.h(132): warning:  #1-D: last line of file ends without a newline
  #endif // INVENSENSE_INV_MATH_FUNC_H__
..\MPL_core\mllite\data_builder.h(259): warning:  #1-D: last line of file ends without a newline
  #endif  /* INV_DATA_BUILDER_H__ */
..\MPL_core\driver\include\mlmath.h(95): warning:  #1-D: last line of file ends without a newline
  #endif /* !_ML_MATH_H_ */
..\MPL_core\mllite\storage_manager.h(30): warning:  #1-D: last line of file ends without a newline
  #endif  /* INV_STORAGE_MANAGER_H__ */
..\MPL_core\mllite\results_holder.h(81): warning:  #1-D: last line of file ends without a newline
  #endif // INV_RESULTS_HOLDER_H__
..\MPL_core\driver\include\log.h(372): warning:  #1-D: last line of file ends without a newline
  #endif				/* _LIBS_CUTILS_MPL_LOG_H */
..\MPL_core\mllite\data_builder.c(1263): warning:  #1-D: last line of file ends without a newline
   */
..\MPL_core\mllite\data_builder.c: 9 warnings, 0 errors
compiling mlmath.c...
..\MPL_core\mllite\mlmath.c(68): warning:  #1-D: last line of file ends without a newline
  }
..\MPL_core\mllite\mlmath.c: 1 warning, 0 errors
compiling ml_math_func.c...
..\MPL_core\driver\include\mlmath.h(95): warning:  #1-D: last line of file ends without a newline
  #endif /* !_ML_MATH_H_ */
..\MPL_core\driver\include\stdint_invensense.h(44): warning:  #1-D: last line of file ends without a newline
  #endif // STDINT_INVENSENSE_H
..\MPL_core\driver\include\mltypes.h(262): warning:  #1-D: last line of file ends without a newline
  #endif				/* MLTYPES_H */
..\MPL_core\mllite\ml_math_func.h(132): warning:  #1-D: last line of file ends without a newline
  #endif // INVENSENSE_INV_MATH_FUNC_H__
..\MPL_core\driver\include\mlinclude.h(38): warning:  #1-D: last line of file ends without a newline
  #endif //INV_INCLUDE_H__
..\MPL_core\mllite\ml_math_func.c(568): warning:  #1035-D: single-precision operand implicitly converted to double-precision
      if (ang > 
_PI)
..\MPL_core\mllite\ml_math_func.c(588): warning:  #1035-D: single-precision operand implicitly converted to double-precision
      if (d > 
_PI)
..\MPL_core\mllite\ml_math_func.c(780): warning:  #1-D: last line of file ends without a newline
   */
..\MPL_core\mllite\ml_math_func.c: 8 warnings, 0 errors
compiling results_holder.c...
..\MPL_core\driver\include\stdint_invensense.h(44): warning:  #1-D: last line of file ends without a newline
  #endif // STDINT_INVENSENSE_H
..\MPL_core\driver\include\mltypes.h(262): warning:  #1-D: last line of file ends without a newline
  #endif				/* MLTYPES_H */
..\MPL_core\mllite\results_holder.h(81): warning:  #1-D: last line of file ends without a newline
  #endif // INV_RESULTS_HOLDER_H__
..\MPL_core\mllite\ml_math_func.h(132): warning:  #1-D: last line of file ends without a newline
  #endif // INVENSENSE_INV_MATH_FUNC_H__
..\MPL_core\driver\include\mlmath.h(95): warning:  #1-D: last line of file ends without a newline
  #endif /* !_ML_MATH_H_ */
..\MPL_core\mllite\start_manager.h(27): warning:  #1-D: last line of file ends without a newline
  #endif  // INV_START_MANAGER_H__
..\MPL_core\mllite\data_builder.h(259): warning:  #1-D: last line of file ends without a newline
  #endif  /* INV_DATA_BUILDER_H__ */
..\MPL_core\driver\include\log.h(372): warning:  #1-D: last line of file ends without a newline
  #endif				/* _LIBS_CUTILS_MPL_LOG_H */
..\MPL_core\mllite\results_holder.c(522): warning:  #1-D: last line of file ends without a newline
   */
..\MPL_core\mllite\results_holder.c: 9 warnings, 0 errors
compiling inv_mpu_dmp_motion_driver.c...
compiling storage_manager.c...
..\MPL_core\driver\include\stdint_invensense.h(44): warning:  #1-D: last line of file ends without a newline
  #endif // STDINT_INVENSENSE_H
..\MPL_core\driver\include\mltypes.h(262): warning:  #1-D: last line of file ends without a newline
  #endif				/* MLTYPES_H */
..\MPL_core\mllite\storage_manager.h(30): warning:  #1-D: last line of file ends without a newline
  #endif  /* INV_STORAGE_MANAGER_H__ */
..\MPL_core\driver\include\log.h(372): warning:  #1-D: last line of file ends without a newline
  #endif				/* _LIBS_CUTILS_MPL_LOG_H */
..\MPL_core\mllite\ml_math_func.h(132): warning:  #1-D: last line of file ends without a newline
  #endif // INVENSENSE_INV_MATH_FUNC_H__
..\MPL_core\driver\include\mlmath.h(95): warning:  #1-D: last line of file ends without a newline
  #endif /* !_ML_MATH_H_ */
..\MPL_core\mllite\storage_manager.c(204): warning:  #1-D: last line of file ends without a newline
   */
..\MPL_core\mllite\storage_manager.c: 7 warnings, 0 errors
compiling inv_mpu.c...
..\MPL_core\driver\include\log.h(372): warning:  #1-D: last line of file ends without a newline
  #endif				/* _LIBS_CUTILS_MPL_LOG_H */
..\MPL_core\driver\eMPL\inv_mpu.c: 1 warning, 0 errors
linking...
Program Size: Code=52966 RO-data=1274 RW-data=592 ZI-data=12952  
FromELF: creating hex file...
"Little-Doggy-Run\Little-Doggy-Run.axf" - 0 Error(s), 83 Warning(s).

<h2>Software Packages used:</h2>

Package Vendor: ARM
                http://www.keil.com/pack/ARM.CMSIS.5.0.1.pack
                ARM.CMSIS.5.0.1
                CMSIS (Cortex Microcontroller Software Interface Standard)
   * Component: CORE Version: 5.0.1

Package Vendor: Keil
                http://www.keil.com/pack/Keil.STM32F4xx_DFP.2.13.0.pack
                Keil.STM32F4xx_DFP.2.13.0
                STMicroelectronics STM32F4 Series Device Support, Drivers and Examples

<h2>Collection of Component include folders:</h2>
  .\RTE\_Little-Doggy-Run
  E:\Keil_v5\ARM\PACK\ARM\CMSIS\5.0.1\CMSIS\Include
  E:\Keil_v5\ARM\PACK\Keil\STM32F4xx_DFP\2.13.0\Drivers\CMSIS\Device\ST\STM32F4xx\Include

<h2>Collection of Component Files used:</h2>

   * Component: ARM::CMSIS:CORE:5.0.1
Build Time Elapsed:  00:00:26
</pre>
</body>
</html>
